Archive member included to satisfy reference by file (symbol)

c:/st/stm32cubeide_1.0.2/stm32cubeide/plugins/com.st.stm32cube.ide.mcu.externaltools.gnu-tools-for-stm32.7-2018-q2-update.win32_1.0.0.201904181610/tools/bin/../lib/gcc/arm-none-eabi/7.3.1/../../../../arm-none-eabi/lib/thumb/v7-m\libc_nano.a(lib_a-errno.o)
                              Src/syscalls.o (__errno)
c:/st/stm32cubeide_1.0.2/stm32cubeide/plugins/com.st.stm32cube.ide.mcu.externaltools.gnu-tools-for-stm32.7-2018-q2-update.win32_1.0.0.201904181610/tools/bin/../lib/gcc/arm-none-eabi/7.3.1/../../../../arm-none-eabi/lib/thumb/v7-m\libc_nano.a(lib_a-exit.o)
                              c:/st/stm32cubeide_1.0.2/stm32cubeide/plugins/com.st.stm32cube.ide.mcu.externaltools.gnu-tools-for-stm32.7-2018-q2-update.win32_1.0.0.201904181610/tools/bin/../lib/gcc/arm-none-eabi/7.3.1/../../../../arm-none-eabi/lib/thumb/v7-m/crt0.o (exit)
c:/st/stm32cubeide_1.0.2/stm32cubeide/plugins/com.st.stm32cube.ide.mcu.externaltools.gnu-tools-for-stm32.7-2018-q2-update.win32_1.0.0.201904181610/tools/bin/../lib/gcc/arm-none-eabi/7.3.1/../../../../arm-none-eabi/lib/thumb/v7-m\libc_nano.a(lib_a-impure.o)
                              c:/st/stm32cubeide_1.0.2/stm32cubeide/plugins/com.st.stm32cube.ide.mcu.externaltools.gnu-tools-for-stm32.7-2018-q2-update.win32_1.0.0.201904181610/tools/bin/../lib/gcc/arm-none-eabi/7.3.1/../../../../arm-none-eabi/lib/thumb/v7-m\libc_nano.a(lib_a-exit.o) (_global_impure_ptr)
c:/st/stm32cubeide_1.0.2/stm32cubeide/plugins/com.st.stm32cube.ide.mcu.externaltools.gnu-tools-for-stm32.7-2018-q2-update.win32_1.0.0.201904181610/tools/bin/../lib/gcc/arm-none-eabi/7.3.1/../../../../arm-none-eabi/lib/thumb/v7-m\libc_nano.a(lib_a-init.o)
                              c:/st/stm32cubeide_1.0.2/stm32cubeide/plugins/com.st.stm32cube.ide.mcu.externaltools.gnu-tools-for-stm32.7-2018-q2-update.win32_1.0.0.201904181610/tools/bin/../lib/gcc/arm-none-eabi/7.3.1/../../../../arm-none-eabi/lib/thumb/v7-m/crt0.o (__libc_init_array)
c:/st/stm32cubeide_1.0.2/stm32cubeide/plugins/com.st.stm32cube.ide.mcu.externaltools.gnu-tools-for-stm32.7-2018-q2-update.win32_1.0.0.201904181610/tools/bin/../lib/gcc/arm-none-eabi/7.3.1/../../../../arm-none-eabi/lib/thumb/v7-m\libc_nano.a(lib_a-memset.o)
                              c:/st/stm32cubeide_1.0.2/stm32cubeide/plugins/com.st.stm32cube.ide.mcu.externaltools.gnu-tools-for-stm32.7-2018-q2-update.win32_1.0.0.201904181610/tools/bin/../lib/gcc/arm-none-eabi/7.3.1/../../../../arm-none-eabi/lib/thumb/v7-m/crt0.o (memset)

Allocating common symbols
Common symbol       size              file

hUsbDeviceFS        0x2c4             Src/usb_device.o
uwTick              0x4               Drivers/STM32F1xx_HAL_Driver/Src/stm32f1xx_hal.o
pFlash              0x20              Drivers/STM32F1xx_HAL_Driver/Src/stm32f1xx_hal_flash.o
htim1               0x40              Src/main.o
hpcd_USB_FS         0x26c             Src/usbd_conf.o
USBD_StrDesc        0x200             Src/usbd_desc.o

Discarded input sections

 .text          0x0000000000000000        0x0 c:/st/stm32cubeide_1.0.2/stm32cubeide/plugins/com.st.stm32cube.ide.mcu.externaltools.gnu-tools-for-stm32.7-2018-q2-update.win32_1.0.0.201904181610/tools/bin/../lib/gcc/arm-none-eabi/7.3.1/thumb/v7-m/crti.o
 .data          0x0000000000000000        0x0 c:/st/stm32cubeide_1.0.2/stm32cubeide/plugins/com.st.stm32cube.ide.mcu.externaltools.gnu-tools-for-stm32.7-2018-q2-update.win32_1.0.0.201904181610/tools/bin/../lib/gcc/arm-none-eabi/7.3.1/thumb/v7-m/crti.o
 .bss           0x0000000000000000        0x0 c:/st/stm32cubeide_1.0.2/stm32cubeide/plugins/com.st.stm32cube.ide.mcu.externaltools.gnu-tools-for-stm32.7-2018-q2-update.win32_1.0.0.201904181610/tools/bin/../lib/gcc/arm-none-eabi/7.3.1/thumb/v7-m/crti.o
 .data          0x0000000000000000        0x4 c:/st/stm32cubeide_1.0.2/stm32cubeide/plugins/com.st.stm32cube.ide.mcu.externaltools.gnu-tools-for-stm32.7-2018-q2-update.win32_1.0.0.201904181610/tools/bin/../lib/gcc/arm-none-eabi/7.3.1/thumb/v7-m/crtbegin.o
 .text          0x0000000000000000       0x74 c:/st/stm32cubeide_1.0.2/stm32cubeide/plugins/com.st.stm32cube.ide.mcu.externaltools.gnu-tools-for-stm32.7-2018-q2-update.win32_1.0.0.201904181610/tools/bin/../lib/gcc/arm-none-eabi/7.3.1/../../../../arm-none-eabi/lib/thumb/v7-m/crt0.o
 .data          0x0000000000000000        0x0 c:/st/stm32cubeide_1.0.2/stm32cubeide/plugins/com.st.stm32cube.ide.mcu.externaltools.gnu-tools-for-stm32.7-2018-q2-update.win32_1.0.0.201904181610/tools/bin/../lib/gcc/arm-none-eabi/7.3.1/../../../../arm-none-eabi/lib/thumb/v7-m/crt0.o
 .bss           0x0000000000000000        0x0 c:/st/stm32cubeide_1.0.2/stm32cubeide/plugins/com.st.stm32cube.ide.mcu.externaltools.gnu-tools-for-stm32.7-2018-q2-update.win32_1.0.0.201904181610/tools/bin/../lib/gcc/arm-none-eabi/7.3.1/../../../../arm-none-eabi/lib/thumb/v7-m/crt0.o
[...]
Memory Configuration

Name             Origin             Length             Attributes
RAM              0x0000000020000000 0x000000000000c000 xrw
FLASH            0x0000000008000000 0x0000000000040000 xr
*default*        0x0000000000000000 0xffffffffffffffff

Linker script and memory map

LOAD c:/st/stm32cubeide_1.0.2/stm32cubeide/plugins/com.st.stm32cube.ide.mcu.externaltools.gnu-tools-for-stm32.7-2018-q2-update.win32_1.0.0.201904181610/tools/bin/../lib/gcc/arm-none-eabi/7.3.1/thumb/v7-m/crti.o
LOAD c:/st/stm32cubeide_1.0.2/stm32cubeide/plugins/com.st.stm32cube.ide.mcu.externaltools.gnu-tools-for-stm32.7-2018-q2-update.win32_1.0.0.201904181610/tools/bin/../lib/gcc/arm-none-eabi/7.3.1/thumb/v7-m/crtbegin.o
LOAD c:/st/stm32cubeide_1.0.2/stm32cubeide/plugins/com.st.stm32cube.ide.mcu.externaltools.gnu-tools-for-stm32.7-2018-q2-update.win32_1.0.0.201904181610/tools/bin/../lib/gcc/arm-none-eabi/7.3.1/../../../../arm-none-eabi/lib/thumb/v7-m/crt0.o
LOAD Drivers/STM32F1xx_HAL_Driver/Src/stm32f1xx_hal.o
LOAD Drivers/STM32F1xx_HAL_Driver/Src/stm32f1xx_hal_cortex.o
LOAD Drivers/STM32F1xx_HAL_Driver/Src/stm32f1xx_hal_dma.o
LOAD Drivers/STM32F1xx_HAL_Driver/Src/stm32f1xx_hal_exti.o
LOAD Drivers/STM32F1xx_HAL_Driver/Src/stm32f1xx_hal_flash.o
LOAD Drivers/STM32F1xx_HAL_Driver/Src/stm32f1xx_hal_flash_ex.o
LOAD Drivers/STM32F1xx_HAL_Driver/Src/stm32f1xx_hal_gpio.o
LOAD Drivers/STM32F1xx_HAL_Driver/Src/stm32f1xx_hal_gpio_ex.o
LOAD Drivers/STM32F1xx_HAL_Driver/Src/stm32f1xx_hal_pcd.o
LOAD Drivers/STM32F1xx_HAL_Driver/Src/stm32f1xx_hal_pcd_ex.o
LOAD Drivers/STM32F1xx_HAL_Driver/Src/stm32f1xx_hal_pwr.o
LOAD Drivers/STM32F1xx_HAL_Driver/Src/stm32f1xx_hal_rcc.o
LOAD Drivers/STM32F1xx_HAL_Driver/Src/stm32f1xx_hal_rcc_ex.o
LOAD Drivers/STM32F1xx_HAL_Driver/Src/stm32f1xx_hal_tim.o
LOAD Drivers/STM32F1xx_HAL_Driver/Src/stm32f1xx_hal_tim_ex.o
LOAD Drivers/STM32F1xx_HAL_Driver/Src/stm32f1xx_ll_usb.o
LOAD Middlewares/ST/STM32_USB_Device_Library/Class/HID/Src/usbd_hid.o
LOAD Middlewares/ST/STM32_USB_Device_Library/Core/Src/usbd_core.o
LOAD Middlewares/ST/STM32_USB_Device_Library/Core/Src/usbd_ctlreq.o
LOAD Middlewares/ST/STM32_USB_Device_Library/Core/Src/usbd_ioreq.o
LOAD Src/main.o
LOAD Src/stm32f1xx_hal_msp.o
LOAD Src/stm32f1xx_it.o
LOAD Src/syscalls.o
LOAD Src/sysmem.o
LOAD Src/system_stm32f1xx.o
LOAD Src/usb_device.o
LOAD Src/usbd_conf.o
LOAD Src/usbd_desc.o
LOAD Startup/startup_stm32f103rctx.o
START GROUP
LOAD c:/st/stm32cubeide_1.0.2/stm32cubeide/plugins/com.st.stm32cube.ide.mcu.externaltools.gnu-tools-for-stm32.7-2018-q2-update.win32_1.0.0.201904181610/tools/bin/../lib/gcc/arm-none-eabi/7.3.1/../../../../arm-none-eabi/lib/thumb/v7-m\libc_nano.a
LOAD c:/st/stm32cubeide_1.0.2/stm32cubeide/plugins/com.st.stm32cube.ide.mcu.externaltools.gnu-tools-for-stm32.7-2018-q2-update.win32_1.0.0.201904181610/tools/bin/../lib/gcc/arm-none-eabi/7.3.1/../../../../arm-none-eabi/lib/thumb/v7-m\libm.a
END GROUP
START GROUP
LOAD c:/st/stm32cubeide_1.0.2/stm32cubeide/plugins/com.st.stm32cube.ide.mcu.externaltools.gnu-tools-for-stm32.7-2018-q2-update.win32_1.0.0.201904181610/tools/bin/../lib/gcc/arm-none-eabi/7.3.1/thumb/v7-m\libgcc.a
LOAD c:/st/stm32cubeide_1.0.2/stm32cubeide/plugins/com.st.stm32cube.ide.mcu.externaltools.gnu-tools-for-stm32.7-2018-q2-update.win32_1.0.0.201904181610/tools/bin/../lib/gcc/arm-none-eabi/7.3.1/../../../../arm-none-eabi/lib/thumb/v7-m\libc_nano.a
END GROUP
START GROUP
LOAD c:/st/stm32cubeide_1.0.2/stm32cubeide/plugins/com.st.stm32cube.ide.mcu.externaltools.gnu-tools-for-stm32.7-2018-q2-update.win32_1.0.0.201904181610/tools/bin/../lib/gcc/arm-none-eabi/7.3.1/thumb/v7-m\libgcc.a
LOAD c:/st/stm32cubeide_1.0.2/stm32cubeide/plugins/com.st.stm32cube.ide.mcu.externaltools.gnu-tools-for-stm32.7-2018-q2-update.win32_1.0.0.201904181610/tools/bin/../lib/gcc/arm-none-eabi/7.3.1/../../../../arm-none-eabi/lib/thumb/v7-m\libc_nano.a
LOAD c:/st/stm32cubeide_1.0.2/stm32cubeide/plugins/com.st.stm32cube.ide.mcu.externaltools.gnu-tools-for-stm32.7-2018-q2-update.win32_1.0.0.201904181610/tools/bin/../lib/gcc/arm-none-eabi/7.3.1/../../../../arm-none-eabi/lib/thumb/v7-m\libnosys.a
END GROUP
START GROUP
LOAD c:/st/stm32cubeide_1.0.2/stm32cubeide/plugins/com.st.stm32cube.ide.mcu.externaltools.gnu-tools-for-stm32.7-2018-q2-update.win32_1.0.0.201904181610/tools/bin/../lib/gcc/arm-none-eabi/7.3.1/thumb/v7-m\libgcc.a
LOAD c:/st/stm32cubeide_1.0.2/stm32cubeide/plugins/com.st.stm32cube.ide.mcu.externaltools.gnu-tools-for-stm32.7-2018-q2-update.win32_1.0.0.201904181610/tools/bin/../lib/gcc/arm-none-eabi/7.3.1/../../../../arm-none-eabi/lib/thumb/v7-m\libc_nano.a
LOAD c:/st/stm32cubeide_1.0.2/stm32cubeide/plugins/com.st.stm32cube.ide.mcu.externaltools.gnu-tools-for-stm32.7-2018-q2-update.win32_1.0.0.201904181610/tools/bin/../lib/gcc/arm-none-eabi/7.3.1/../../../../arm-none-eabi/lib/thumb/v7-m\libnosys.a
END GROUP
LOAD c:/st/stm32cubeide_1.0.2/stm32cubeide/plugins/com.st.stm32cube.ide.mcu.externaltools.gnu-tools-for-stm32.7-2018-q2-update.win32_1.0.0.201904181610/tools/bin/../lib/gcc/arm-none-eabi/7.3.1/thumb/v7-m/crtend.o
LOAD c:/st/stm32cubeide_1.0.2/stm32cubeide/plugins/com.st.stm32cube.ide.mcu.externaltools.gnu-tools-for-stm32.7-2018-q2-update.win32_1.0.0.201904181610/tools/bin/../lib/gcc/arm-none-eabi/7.3.1/thumb/v7-m/crtn.o
                0x000000002000c000                _estack = 0x2000c000
                0x0000000000000200                _Min_Heap_Size = 0x200
                0x0000000000000400                _Min_Stack_Size = 0x400

.isr_vector     0x0000000008000000      0x1e4
                0x0000000008000000                . = ALIGN (0x4)
 *(.isr_vector)
 .isr_vector    0x0000000008000000      0x1e4 Startup/startup_stm32f103rctx.o
                0x0000000008000000                g_pfnVectors
                0x00000000080001e4                . = ALIGN (0x4)

.text           0x00000000080001e4     0x54b4
                0x00000000080001e4                . = ALIGN (0x4)
 *(.text)
 .text          0x00000000080001e4       0x40 c:/st/stm32cubeide_1.0.2/stm32cubeide/plugins/com.st.stm32cube.ide.mcu.externaltools.gnu-tools-for-stm32.7-2018-q2-update.win32_1.0.0.201904181610/tools/bin/../lib/gcc/arm-none-eabi/7.3.1/thumb/v7-m/crtbegin.o
 *(.text*)
 .text.HAL_Init
                0x0000000008000224       0x2c Drivers/STM32F1xx_HAL_Driver/Src/stm32f1xx_hal.o
                0x0000000008000224                HAL_Init
 .text.HAL_InitTick
                0x0000000008000250       0x60 Drivers/STM32F1xx_HAL_Driver/Src/stm32f1xx_hal.o
                0x0000000008000250                HAL_InitTick
 .text.HAL_IncTick
                0x00000000080002b0       0x24 Drivers/STM32F1xx_HAL_Driver/Src/stm32f1xx_hal.o
                0x00000000080002b0                HAL_IncTick
 .text.HAL_GetTick
                0x00000000080002d4       0x14 Drivers/STM32F1xx_HAL_Driver/Src/stm32f1xx_hal.o
                0x00000000080002d4                HAL_GetTick
 .text.HAL_Delay
                0x00000000080002e8       0x44 Drivers/STM32F1xx_HAL_Driver/Src/stm32f1xx_hal.o
                0x00000000080002e8                HAL_Delay
 .text.__NVIC_SetPriorityGrouping
                0x000000000800032c       0x48 Drivers/STM32F1xx_HAL_Driver/Src/stm32f1xx_hal_cortex.o
 .text.__NVIC_GetPriorityGrouping
                0x0000000008000374       0x1c Drivers/STM32F1xx_HAL_Driver/Src/stm32f1xx_hal_cortex.o
 .text.__NVIC_EnableIRQ
                0x0000000008000390       0x38 Drivers/STM32F1xx_HAL_Driver/Src/stm32f1xx_hal_cortex.o
 .text.__NVIC_SetPriority
                0x00000000080003c8       0x54 Drivers/STM32F1xx_HAL_Driver/Src/stm32f1xx_hal_cortex.o
 .text.NVIC_EncodePriority
                0x000000000800041c       0x64 Drivers/STM32F1xx_HAL_Driver/Src/stm32f1xx_hal_cortex.o
 .text.SysTick_Config
                0x0000000008000480       0x44 Drivers/STM32F1xx_HAL_Driver/Src/stm32f1xx_hal_cortex.o
 .text.HAL_NVIC_SetPriorityGrouping
                0x00000000080004c4       0x16 Drivers/STM32F1xx_HAL_Driver/Src/stm32f1xx_hal_cortex.o
                0x00000000080004c4                HAL_NVIC_SetPriorityGrouping
 .text.HAL_NVIC_SetPriority
                0x00000000080004da       0x38 Drivers/STM32F1xx_HAL_Driver/Src/stm32f1xx_hal_cortex.o
                0x00000000080004da                HAL_NVIC_SetPriority
 .text.HAL_NVIC_EnableIRQ
                0x0000000008000512       0x1c Drivers/STM32F1xx_HAL_Driver/Src/stm32f1xx_hal_cortex.o
                0x0000000008000512                HAL_NVIC_EnableIRQ
 .text.HAL_SYSTICK_Config
                0x000000000800052e       0x18 Drivers/STM32F1xx_HAL_Driver/Src/stm32f1xx_hal_cortex.o
                0x000000000800052e                HAL_SYSTICK_Config
 .text.HAL_PCD_Init
                0x0000000008000546      0x1c2 Drivers/STM32F1xx_HAL_Driver/Src/stm32f1xx_hal_pcd.o
                0x0000000008000546                HAL_PCD_Init
 .text.HAL_PCD_Start
                0x0000000008000708       0x4c Drivers/STM32F1xx_HAL_Driver/Src/stm32f1xx_hal_pcd.o
                0x0000000008000708                HAL_PCD_Start
 .text.HAL_PCD_IRQHandler
                0x0000000008000754      0x21c Drivers/STM32F1xx_HAL_Driver/Src/stm32f1xx_hal_pcd.o
                0x0000000008000754                HAL_PCD_IRQHandler
 .text.HAL_PCD_SetAddress
                0x0000000008000970       0x4a Drivers/STM32F1xx_HAL_Driver/Src/stm32f1xx_hal_pcd.o
                0x0000000008000970                HAL_PCD_SetAddress
 .text.HAL_PCD_EP_Open
                0x00000000080009ba       0xc0 Drivers/STM32F1xx_HAL_Driver/Src/stm32f1xx_hal_pcd.o
                0x00000000080009ba                HAL_PCD_EP_Open
 .text.HAL_PCD_EP_Close
                0x0000000008000a7a       0x84 Drivers/STM32F1xx_HAL_Driver/Src/stm32f1xx_hal_pcd.o
                0x0000000008000a7a                HAL_PCD_EP_Close
 .text.HAL_PCD_EP_Receive
                0x0000000008000afe       0x74 Drivers/STM32F1xx_HAL_Driver/Src/stm32f1xx_hal_pcd.o
                0x0000000008000afe                HAL_PCD_EP_Receive
 .text.HAL_PCD_EP_Transmit
                0x0000000008000b72       0x72 Drivers/STM32F1xx_HAL_Driver/Src/stm32f1xx_hal_pcd.o
                0x0000000008000b72                HAL_PCD_EP_Transmit
 .text.HAL_PCD_EP_SetStall
                0x0000000008000be4       0xb4 Drivers/STM32F1xx_HAL_Driver/Src/stm32f1xx_hal_pcd.o
                0x0000000008000be4                HAL_PCD_EP_SetStall
 .text.HAL_PCD_EP_ClrStall
                0x0000000008000c98       0x9c Drivers/STM32F1xx_HAL_Driver/Src/stm32f1xx_hal_pcd.o
                0x0000000008000c98                HAL_PCD_EP_ClrStall
 .text.PCD_EP_ISR_Handler
                0x0000000008000d34      0x534 Drivers/STM32F1xx_HAL_Driver/Src/stm32f1xx_hal_pcd.o
 .text.HAL_PCDEx_PMAConfig
                0x0000000008001268       0x78 Drivers/STM32F1xx_HAL_Driver/Src/stm32f1xx_hal_pcd_ex.o
                0x0000000008001268                HAL_PCDEx_PMAConfig
 .text.HAL_RCC_OscConfig
                0x00000000080012e0      0x500 Drivers/STM32F1xx_HAL_Driver/Src/stm32f1xx_hal_rcc.o
                0x00000000080012e0                HAL_RCC_OscConfig
 .text.HAL_RCC_ClockConfig
                0x00000000080017e0      0x1d4 Drivers/STM32F1xx_HAL_Driver/Src/stm32f1xx_hal_rcc.o
                0x00000000080017e0                HAL_RCC_ClockConfig
 .text.HAL_RCC_GetSysClockFreq
                0x00000000080019b4       0xc4 Drivers/STM32F1xx_HAL_Driver/Src/stm32f1xx_hal_rcc.o
                0x00000000080019b4                HAL_RCC_GetSysClockFreq
 .text.RCC_Delay
                0x0000000008001a78       0x3c Drivers/STM32F1xx_HAL_Driver/Src/stm32f1xx_hal_rcc.o
 .text.HAL_RCCEx_PeriphCLKConfig
                0x0000000008001ab4      0x16c Drivers/STM32F1xx_HAL_Driver/Src/stm32f1xx_hal_rcc_ex.o
                0x0000000008001ab4                HAL_RCCEx_PeriphCLKConfig
 .text.HAL_TIM_PWM_Init
                0x0000000008001c20       0x56 Drivers/STM32F1xx_HAL_Driver/Src/stm32f1xx_hal_tim.o
                0x0000000008001c20                HAL_TIM_PWM_Init
 *fill*         0x0000000008001c76        0x2 
 .text.HAL_TIM_PWM_ConfigChannel
                0x0000000008001c78      0x18c Drivers/STM32F1xx_HAL_Driver/Src/stm32f1xx_hal_tim.o
                0x0000000008001c78                HAL_TIM_PWM_ConfigChannel
 .text.TIM_Base_SetConfig
                0x0000000008001e04       0xf4 Drivers/STM32F1xx_HAL_Driver/Src/stm32f1xx_hal_tim.o
                0x0000000008001e04                TIM_Base_SetConfig
 .text.TIM_OC1_SetConfig
                0x0000000008001ef8       0xe0 Drivers/STM32F1xx_HAL_Driver/Src/stm32f1xx_hal_tim.o
 .text.TIM_OC2_SetConfig
                0x0000000008001fd8       0xe8 Drivers/STM32F1xx_HAL_Driver/Src/stm32f1xx_hal_tim.o
                0x0000000008001fd8                TIM_OC2_SetConfig
 .text.TIM_OC3_SetConfig
                0x00000000080020c0       0xe8 Drivers/STM32F1xx_HAL_Driver/Src/stm32f1xx_hal_tim.o
 .text.TIM_OC4_SetConfig
                0x00000000080021a8       0xa8 Drivers/STM32F1xx_HAL_Driver/Src/stm32f1xx_hal_tim.o
 .text.HAL_TIMEx_MasterConfigSynchronization
                0x0000000008002250       0x88 Drivers/STM32F1xx_HAL_Driver/Src/stm32f1xx_hal_tim_ex.o
                0x0000000008002250                HAL_TIMEx_MasterConfigSynchronization
 .text.HAL_TIMEx_ConfigBreakDeadTime
                0x00000000080022d8       0xa2 Drivers/STM32F1xx_HAL_Driver/Src/stm32f1xx_hal_tim_ex.o
                0x00000000080022d8                HAL_TIMEx_ConfigBreakDeadTime
 .text.USB_CoreInit
                0x000000000800237a       0x20 Drivers/STM32F1xx_HAL_Driver/Src/stm32f1xx_ll_usb.o
                0x000000000800237a                USB_CoreInit
 .text.USB_EnableGlobalInt
                0x000000000800239a       0x2e Drivers/STM32F1xx_HAL_Driver/Src/stm32f1xx_ll_usb.o
                0x000000000800239a                USB_EnableGlobalInt
 .text.USB_DisableGlobalInt
                0x00000000080023c8       0x38 Drivers/STM32F1xx_HAL_Driver/Src/stm32f1xx_ll_usb.o
                0x00000000080023c8                USB_DisableGlobalInt
 .text.USB_SetCurrentMode
                0x0000000008002400       0x18 Drivers/STM32F1xx_HAL_Driver/Src/stm32f1xx_ll_usb.o
                0x0000000008002400                USB_SetCurrentMode
 .text.USB_DevInit
                0x0000000008002418       0x48 Drivers/STM32F1xx_HAL_Driver/Src/stm32f1xx_ll_usb.o
                0x0000000008002418                USB_DevInit
 .text.USB_ActivateEndpoint
                0x0000000008002460      0x5dc Drivers/STM32F1xx_HAL_Driver/Src/stm32f1xx_ll_usb.o
                0x0000000008002460                USB_ActivateEndpoint
 .text.USB_DeactivateEndpoint
                0x0000000008002a3c      0x32c Drivers/STM32F1xx_HAL_Driver/Src/stm32f1xx_ll_usb.o
                0x0000000008002a3c                USB_DeactivateEndpoint
 .text.USB_EPStartXfer
                0x0000000008002d68      0x570 Drivers/STM32F1xx_HAL_Driver/Src/stm32f1xx_ll_usb.o
                0x0000000008002d68                USB_EPStartXfer
 .text.USB_EPSetStall
                0x00000000080032d8       0x84 Drivers/STM32F1xx_HAL_Driver/Src/stm32f1xx_ll_usb.o
                0x00000000080032d8                USB_EPSetStall
 .text.USB_EPClearStall
                0x000000000800335c      0x128 Drivers/STM32F1xx_HAL_Driver/Src/stm32f1xx_ll_usb.o
                0x000000000800335c                USB_EPClearStall
 .text.USB_SetDevAddress
                0x0000000008003484       0x26 Drivers/STM32F1xx_HAL_Driver/Src/stm32f1xx_ll_usb.o
                0x0000000008003484                USB_SetDevAddress
 .text.USB_DevConnect
                0x00000000080034aa       0x14 Drivers/STM32F1xx_HAL_Driver/Src/stm32f1xx_ll_usb.o
                0x00000000080034aa                USB_DevConnect
 .text.USB_DevDisconnect
                0x00000000080034be       0x14 Drivers/STM32F1xx_HAL_Driver/Src/stm32f1xx_ll_usb.o
                0x00000000080034be                USB_DevDisconnect
 .text.USB_ReadInterrupts
                0x00000000080034d2       0x1e Drivers/STM32F1xx_HAL_Driver/Src/stm32f1xx_ll_usb.o
                0x00000000080034d2                USB_ReadInterrupts
 .text.USB_EP0_OutStart
                0x00000000080034f0       0x16 Drivers/STM32F1xx_HAL_Driver/Src/stm32f1xx_ll_usb.o
                0x00000000080034f0                USB_EP0_OutStart
 .text.USB_WritePMA
                0x0000000008003506       0x88 Drivers/STM32F1xx_HAL_Driver/Src/stm32f1xx_ll_usb.o
                0x0000000008003506                USB_WritePMA
 .text.USB_ReadPMA
                0x000000000800358e       0x9e Drivers/STM32F1xx_HAL_Driver/Src/stm32f1xx_ll_usb.o
                0x000000000800358e                USB_ReadPMA
 .text.USBD_HID_Init
                0x000000000800362c       0x4e Middlewares/ST/STM32_USB_Device_Library/Class/HID/Src/usbd_hid.o
 .text.USBD_HID_DeInit
                0x000000000800367a       0x42 Middlewares/ST/STM32_USB_Device_Library/Class/HID/Src/usbd_hid.o
 .text.USBD_HID_Setup
                0x00000000080036bc      0x1fc Middlewares/ST/STM32_USB_Device_Library/Class/HID/Src/usbd_hid.o
 .text.USBD_HID_SendReport
                0x00000000080038b8       0x44 Middlewares/ST/STM32_USB_Device_Library/Class/HID/Src/usbd_hid.o
                0x00000000080038b8                USBD_HID_SendReport
 .text.USBD_HID_GetPollingInterval
                0x00000000080038fc       0x2a Middlewares/ST/STM32_USB_Device_Library/Class/HID/Src/usbd_hid.o
                0x00000000080038fc                USBD_HID_GetPollingInterval
 *fill*         0x0000000008003926        0x2 
 .text.USBD_HID_GetFSCfgDesc
                0x0000000008003928       0x20 Middlewares/ST/STM32_USB_Device_Library/Class/HID/Src/usbd_hid.o
 .text.USBD_HID_GetHSCfgDesc
                0x0000000008003948       0x20 Middlewares/ST/STM32_USB_Device_Library/Class/HID/Src/usbd_hid.o
 .text.USBD_HID_GetOtherSpeedCfgDesc
                0x0000000008003968       0x20 Middlewares/ST/STM32_USB_Device_Library/Class/HID/Src/usbd_hid.o
 .text.USBD_HID_DataIn
                0x0000000008003988       0x22 Middlewares/ST/STM32_USB_Device_Library/Class/HID/Src/usbd_hid.o
 *fill*         0x00000000080039aa        0x2 
 .text.USBD_HID_GetDeviceQualifierDesc
                0x00000000080039ac       0x20 Middlewares/ST/STM32_USB_Device_Library/Class/HID/Src/usbd_hid.o
 .text.USBD_Init
                0x00000000080039cc       0x56 Middlewares/ST/STM32_USB_Device_Library/Core/Src/usbd_core.o
                0x00000000080039cc                USBD_Init
 .text.USBD_RegisterClass
                0x0000000008003a22       0x32 Middlewares/ST/STM32_USB_Device_Library/Core/Src/usbd_core.o
                0x0000000008003a22                USBD_RegisterClass
 .text.USBD_Start
                0x0000000008003a54       0x18 Middlewares/ST/STM32_USB_Device_Library/Core/Src/usbd_core.o
                0x0000000008003a54                USBD_Start
 .text.USBD_RunTestMode
                0x0000000008003a6c       0x14 Middlewares/ST/STM32_USB_Device_Library/Core/Src/usbd_core.o
                0x0000000008003a6c                USBD_RunTestMode
 .text.USBD_SetClassConfig
                0x0000000008003a80       0x3e Middlewares/ST/STM32_USB_Device_Library/Core/Src/usbd_core.o
                0x0000000008003a80                USBD_SetClassConfig
 .text.USBD_ClrClassConfig
                0x0000000008003abe       0x26 Middlewares/ST/STM32_USB_Device_Library/Core/Src/usbd_core.o
                0x0000000008003abe                USBD_ClrClassConfig
 .text.USBD_LL_SetupStage
                0x0000000008003ae4       0x96 Middlewares/ST/STM32_USB_Device_Library/Core/Src/usbd_core.o
                0x0000000008003ae4                USBD_LL_SetupStage
 .text.USBD_LL_DataOutStage
                0x0000000008003b7a       0xe2 Middlewares/ST/STM32_USB_Device_Library/Core/Src/usbd_core.o
                0x0000000008003b7a                USBD_LL_DataOutStage
 .text.USBD_LL_DataInStage
                0x0000000008003c5c      0x14a Middlewares/ST/STM32_USB_Device_Library/Core/Src/usbd_core.o
                0x0000000008003c5c                USBD_LL_DataInStage
 .text.USBD_LL_Reset
                0x0000000008003da6       0x82 Middlewares/ST/STM32_USB_Device_Library/Core/Src/usbd_core.o
                0x0000000008003da6                USBD_LL_Reset
 .text.USBD_LL_SetSpeed
                0x0000000008003e28       0x1e Middlewares/ST/STM32_USB_Device_Library/Core/Src/usbd_core.o
                0x0000000008003e28                USBD_LL_SetSpeed
 .text.USBD_LL_Suspend
                0x0000000008003e46       0x28 Middlewares/ST/STM32_USB_Device_Library/Core/Src/usbd_core.o
                0x0000000008003e46                USBD_LL_Suspend
 .text.USBD_LL_Resume
                0x0000000008003e6e       0x2a Middlewares/ST/STM32_USB_Device_Library/Core/Src/usbd_core.o
                0x0000000008003e6e                USBD_LL_Resume
 .text.USBD_LL_SOF
                0x0000000008003e98       0x34 Middlewares/ST/STM32_USB_Device_Library/Core/Src/usbd_core.o
                0x0000000008003e98                USBD_LL_SOF
 .text.USBD_StdDevReq
                0x0000000008003ecc       0xd4 Middlewares/ST/STM32_USB_Device_Library/Core/Src/usbd_ctlreq.o
                0x0000000008003ecc                USBD_StdDevReq
 .text.USBD_StdItfReq
                0x0000000008003fa0       0x8c Middlewares/ST/STM32_USB_Device_Library/Core/Src/usbd_ctlreq.o
                0x0000000008003fa0                USBD_StdItfReq
 .text.USBD_StdEPReq
                0x000000000800402c      0x2ba Middlewares/ST/STM32_USB_Device_Library/Core/Src/usbd_ctlreq.o
                0x000000000800402c                USBD_StdEPReq
 *fill*         0x00000000080042e6        0x2 
 .text.USBD_GetDescriptor
                0x00000000080042e8      0x2d0 Middlewares/ST/STM32_USB_Device_Library/Core/Src/usbd_ctlreq.o
 .text.USBD_SetAddress
                0x00000000080045b8       0x84 Middlewares/ST/STM32_USB_Device_Library/Core/Src/usbd_ctlreq.o
 .text.USBD_SetConfig
                0x000000000800463c      0x11c Middlewares/ST/STM32_USB_Device_Library/Core/Src/usbd_ctlreq.o
 .text.USBD_GetConfig
                0x0000000008004758       0x68 Middlewares/ST/STM32_USB_Device_Library/Core/Src/usbd_ctlreq.o
 .text.USBD_GetStatus
                0x00000000080047c0       0x66 Middlewares/ST/STM32_USB_Device_Library/Core/Src/usbd_ctlreq.o
 .text.USBD_SetFeature
                0x0000000008004826       0x28 Middlewares/ST/STM32_USB_Device_Library/Core/Src/usbd_ctlreq.o
 .text.USBD_ClrFeature
                0x000000000800484e       0x42 Middlewares/ST/STM32_USB_Device_Library/Core/Src/usbd_ctlreq.o
 .text.USBD_ParseSetupRequest
                0x0000000008004890       0x78 Middlewares/ST/STM32_USB_Device_Library/Core/Src/usbd_ctlreq.o
                0x0000000008004890                USBD_ParseSetupRequest
 .text.USBD_CtlError
                0x0000000008004908       0x22 Middlewares/ST/STM32_USB_Device_Library/Core/Src/usbd_ctlreq.o
                0x0000000008004908                USBD_CtlError
 .text.USBD_GetString
                0x000000000800492a       0x84 Middlewares/ST/STM32_USB_Device_Library/Core/Src/usbd_ctlreq.o
                0x000000000800492a                USBD_GetString
 .text.USBD_GetLen
                0x00000000080049ae       0x2e Middlewares/ST/STM32_USB_Device_Library/Core/Src/usbd_ctlreq.o
 .text.USBD_CtlSendData
                0x00000000080049dc       0x38 Middlewares/ST/STM32_USB_Device_Library/Core/Src/usbd_ioreq.o
                0x00000000080049dc                USBD_CtlSendData
 .text.USBD_CtlContinueSendData
                0x0000000008004a14       0x24 Middlewares/ST/STM32_USB_Device_Library/Core/Src/usbd_ioreq.o
                0x0000000008004a14                USBD_CtlContinueSendData
 .text.USBD_CtlContinueRx
                0x0000000008004a38       0x24 Middlewares/ST/STM32_USB_Device_Library/Core/Src/usbd_ioreq.o
                0x0000000008004a38                USBD_CtlContinueRx
 .text.USBD_CtlSendStatus
                0x0000000008004a5c       0x26 Middlewares/ST/STM32_USB_Device_Library/Core/Src/usbd_ioreq.o
                0x0000000008004a5c                USBD_CtlSendStatus
 .text.USBD_CtlReceiveStatus
                0x0000000008004a82       0x26 Middlewares/ST/STM32_USB_Device_Library/Core/Src/usbd_ioreq.o
                0x0000000008004a82                USBD_CtlReceiveStatus
 .text.main     0x0000000008004aa8       0x64 Src/main.o
                0x0000000008004aa8                main
 .text.SystemClock_Config
                0x0000000008004b0c       0xba Src/main.o
                0x0000000008004b0c                SystemClock_Config
 *fill*         0x0000000008004bc6        0x2 
 .text.MX_TIM1_Init
                0x0000000008004bc8       0xfc Src/main.o
 .text.MX_GPIO_Init
                0x0000000008004cc4       0x44 Src/main.o
 .text.Error_Handler
                0x0000000008004d08        0xc Src/main.o
                0x0000000008004d08                Error_Handler
 .text.HAL_MspInit
                0x0000000008004d14       0x64 Src/stm32f1xx_hal_msp.o
                0x0000000008004d14                HAL_MspInit
 .text.HAL_TIM_PWM_MspInit
                0x0000000008004d78       0x3c Src/stm32f1xx_hal_msp.o
                0x0000000008004d78                HAL_TIM_PWM_MspInit
 .text.NMI_Handler
                0x0000000008004db4        0xc Src/stm32f1xx_it.o
                0x0000000008004db4                NMI_Handler
 .text.HardFault_Handler
                0x0000000008004dc0        0x6 Src/stm32f1xx_it.o
                0x0000000008004dc0                HardFault_Handler
 .text.MemManage_Handler
                0x0000000008004dc6        0x6 Src/stm32f1xx_it.o
                0x0000000008004dc6                MemManage_Handler
 .text.BusFault_Handler
                0x0000000008004dcc        0x6 Src/stm32f1xx_it.o
                0x0000000008004dcc                BusFault_Handler
 .text.UsageFault_Handler
                0x0000000008004dd2        0x6 Src/stm32f1xx_it.o
                0x0000000008004dd2                UsageFault_Handler
 .text.SVC_Handler
                0x0000000008004dd8        0xc Src/stm32f1xx_it.o
                0x0000000008004dd8                SVC_Handler
 .text.DebugMon_Handler
                0x0000000008004de4        0xc Src/stm32f1xx_it.o
                0x0000000008004de4                DebugMon_Handler
 .text.PendSV_Handler
                0x0000000008004df0        0xc Src/stm32f1xx_it.o
                0x0000000008004df0                PendSV_Handler
 .text.SysTick_Handler
                0x0000000008004dfc        0xc Src/stm32f1xx_it.o
                0x0000000008004dfc                SysTick_Handler
 .text.USB_LP_CAN1_RX0_IRQHandler
                0x0000000008004e08       0x14 Src/stm32f1xx_it.o
                0x0000000008004e08                USB_LP_CAN1_RX0_IRQHandler
 .text.SystemInit
                0x0000000008004e1c       0x68 Src/system_stm32f1xx.o
                0x0000000008004e1c                SystemInit
 .text.MX_USB_DEVICE_Init
                0x0000000008004e84       0x4c Src/usb_device.o
                0x0000000008004e84                MX_USB_DEVICE_Init
 .text.HAL_PCD_MspInit
                0x0000000008004ed0       0x4c Src/usbd_conf.o
                0x0000000008004ed0                HAL_PCD_MspInit
 .text.HAL_PCD_SetupStageCallback
                0x0000000008004f1c       0x24 Src/usbd_conf.o
                0x0000000008004f1c                HAL_PCD_SetupStageCallback
 .text.HAL_PCD_DataOutStageCallback
                0x0000000008004f40       0x30 Src/usbd_conf.o
                0x0000000008004f40                HAL_PCD_DataOutStageCallback
 .text.HAL_PCD_DataInStageCallback
                0x0000000008004f70       0x2e Src/usbd_conf.o
                0x0000000008004f70                HAL_PCD_DataInStageCallback
 .text.HAL_PCD_SOFCallback
                0x0000000008004f9e       0x1c Src/usbd_conf.o
                0x0000000008004f9e                HAL_PCD_SOFCallback
 .text.HAL_PCD_ResetCallback
                0x0000000008004fba       0x3c Src/usbd_conf.o
                0x0000000008004fba                HAL_PCD_ResetCallback
 *fill*         0x0000000008004ff6        0x2 
 .text.HAL_PCD_SuspendCallback
                0x0000000008004ff8       0x34 Src/usbd_conf.o
                0x0000000008004ff8                HAL_PCD_SuspendCallback
 .text.HAL_PCD_ResumeCallback
                0x000000000800502c       0x1c Src/usbd_conf.o
                0x000000000800502c                HAL_PCD_ResumeCallback
 .text.USBD_LL_Init
                0x0000000008005048       0x90 Src/usbd_conf.o
                0x0000000008005048                USBD_LL_Init
 .text.USBD_LL_Start
                0x00000000080050d8       0x36 Src/usbd_conf.o
                0x00000000080050d8                USBD_LL_Start
 .text.USBD_LL_OpenEP
                0x000000000800510e       0x4c Src/usbd_conf.o
                0x000000000800510e                USBD_LL_OpenEP
 .text.USBD_LL_CloseEP
                0x000000000800515a       0x3e Src/usbd_conf.o
                0x000000000800515a                USBD_LL_CloseEP
 .text.USBD_LL_StallEP
                0x0000000008005198       0x3e Src/usbd_conf.o
                0x0000000008005198                USBD_LL_StallEP
 .text.USBD_LL_ClearStallEP
                0x00000000080051d6       0x3e Src/usbd_conf.o
                0x00000000080051d6                USBD_LL_ClearStallEP
 .text.USBD_LL_IsStallEP
                0x0000000008005214       0x4a Src/usbd_conf.o
                0x0000000008005214                USBD_LL_IsStallEP
 .text.USBD_LL_SetUSBAddress
                0x000000000800525e       0x3e Src/usbd_conf.o
                0x000000000800525e                USBD_LL_SetUSBAddress
 .text.USBD_LL_Transmit
                0x000000000800529c       0x46 Src/usbd_conf.o
                0x000000000800529c                USBD_LL_Transmit
 .text.USBD_LL_PrepareReceive
                0x00000000080052e2       0x46 Src/usbd_conf.o
                0x00000000080052e2                USBD_LL_PrepareReceive
 .text.USBD_static_malloc
                0x0000000008005328       0x18 Src/usbd_conf.o
                0x0000000008005328                USBD_static_malloc
 .text.USBD_static_free
                0x0000000008005340       0x12 Src/usbd_conf.o
                0x0000000008005340                USBD_static_free
 .text.HAL_PCDEx_SetConnectionState
                0x0000000008005352       0x16 Src/usbd_conf.o
                0x0000000008005352                HAL_PCDEx_SetConnectionState
 .text.USBD_Get_USB_Status
                0x0000000008005368       0x58 Src/usbd_conf.o
 .text.USBD_FS_DeviceDescriptor
                0x00000000080053c0       0x24 Src/usbd_desc.o
                0x00000000080053c0                USBD_FS_DeviceDescriptor
 .text.USBD_FS_LangIDStrDescriptor
                0x00000000080053e4       0x24 Src/usbd_desc.o
                0x00000000080053e4                USBD_FS_LangIDStrDescriptor
 .text.USBD_FS_ProductStrDescriptor
                0x0000000008005408       0x3c Src/usbd_desc.o
                0x0000000008005408                USBD_FS_ProductStrDescriptor
 .text.USBD_FS_ManufacturerStrDescriptor
                0x0000000008005444       0x28 Src/usbd_desc.o
                0x0000000008005444                USBD_FS_ManufacturerStrDescriptor
 .text.USBD_FS_SerialStrDescriptor
                0x000000000800546c       0x24 Src/usbd_desc.o
                0x000000000800546c                USBD_FS_SerialStrDescriptor
 .text.USBD_FS_ConfigStrDescriptor
                0x0000000008005490       0x3c Src/usbd_desc.o
                0x0000000008005490                USBD_FS_ConfigStrDescriptor
 .text.USBD_FS_InterfaceStrDescriptor
                0x00000000080054cc       0x3c Src/usbd_desc.o
                0x00000000080054cc                USBD_FS_InterfaceStrDescriptor
 .text.Get_SerialNum
                0x0000000008005508       0x58 Src/usbd_desc.o
 .text.IntToUnicode
                0x0000000008005560       0x7a Src/usbd_desc.o
 *fill*         0x00000000080055da        0x2 
 .text.Reset_Handler
                0x00000000080055dc       0x48 Startup/startup_stm32f103rctx.o
                0x00000000080055dc                Reset_Handler
 .text.Default_Handler
                0x0000000008005624        0x2 Startup/startup_stm32f103rctx.o
                0x0000000008005624                RTC_Alarm_IRQHandler
                0x0000000008005624                EXTI2_IRQHandler
                0x0000000008005624                TIM8_TRG_COM_IRQHandler
                0x0000000008005624                TIM8_CC_IRQHandler
                0x0000000008005624                TIM1_CC_IRQHandler
                0x0000000008005624                TIM6_IRQHandler
                0x0000000008005624                PVD_IRQHandler
                0x0000000008005624                SDIO_IRQHandler
                0x0000000008005624                EXTI3_IRQHandler
                0x0000000008005624                EXTI0_IRQHandler
                0x0000000008005624                I2C2_EV_IRQHandler
                0x0000000008005624                ADC1_2_IRQHandler
                0x0000000008005624                SPI1_IRQHandler
                0x0000000008005624                TAMPER_IRQHandler
                0x0000000008005624                TIM8_UP_IRQHandler
                0x0000000008005624                DMA2_Channel2_IRQHandler
                0x0000000008005624                DMA1_Channel4_IRQHandler
                0x0000000008005624                USART3_IRQHandler
                0x0000000008005624                RTC_IRQHandler
                0x0000000008005624                DMA1_Channel7_IRQHandler
                0x0000000008005624                CAN1_RX1_IRQHandler
                0x0000000008005624                UART5_IRQHandler
                0x0000000008005624                ADC3_IRQHandler
                0x0000000008005624                TIM4_IRQHandler
                0x0000000008005624                DMA2_Channel1_IRQHandler
                0x0000000008005624                I2C1_EV_IRQHandler
                0x0000000008005624                DMA1_Channel6_IRQHandler
                0x0000000008005624                UART4_IRQHandler
                0x0000000008005624                TIM3_IRQHandler
                0x0000000008005624                RCC_IRQHandler
                0x0000000008005624                TIM1_TRG_COM_IRQHandler
                0x0000000008005624                DMA1_Channel1_IRQHandler
                0x0000000008005624                Default_Handler
                0x0000000008005624                EXTI15_10_IRQHandler
                0x0000000008005624                TIM7_IRQHandler
                0x0000000008005624                TIM5_IRQHandler
                0x0000000008005624                EXTI9_5_IRQHandler
                0x0000000008005624                SPI2_IRQHandler
                0x0000000008005624                DMA1_Channel5_IRQHandler
                0x0000000008005624                EXTI4_IRQHandler
                0x0000000008005624                USB_HP_CAN1_TX_IRQHandler
                0x0000000008005624                DMA1_Channel3_IRQHandler
                0x0000000008005624                FSMC_IRQHandler
                0x0000000008005624                TIM1_UP_IRQHandler
                0x0000000008005624                WWDG_IRQHandler
                0x0000000008005624                TIM2_IRQHandler
                0x0000000008005624                TIM1_BRK_IRQHandler
                0x0000000008005624                EXTI1_IRQHandler
                0x0000000008005624                DMA2_Channel4_5_IRQHandler
                0x0000000008005624                USART2_IRQHandler
                0x0000000008005624                I2C2_ER_IRQHandler
                0x0000000008005624                DMA1_Channel2_IRQHandler
                0x0000000008005624                TIM8_BRK_IRQHandler
                0x0000000008005624                CAN1_SCE_IRQHandler
                0x0000000008005624                FLASH_IRQHandler
                0x0000000008005624                USART1_IRQHandler
                0x0000000008005624                SPI3_IRQHandler
                0x0000000008005624                I2C1_ER_IRQHandler
                0x0000000008005624                USBWakeUp_IRQHandler
                0x0000000008005624                DMA2_Channel3_IRQHandler
 *fill*         0x0000000008005626        0x2 
 .text.__libc_init_array
                0x0000000008005628       0x48 c:/st/stm32cubeide_1.0.2/stm32cubeide/plugins/com.st.stm32cube.ide.mcu.externaltools.gnu-tools-for-stm32.7-2018-q2-update.win32_1.0.0.201904181610/tools/bin/../lib/gcc/arm-none-eabi/7.3.1/../../../../arm-none-eabi/lib/thumb/v7-m\libc_nano.a(lib_a-init.o)
                0x0000000008005628                __libc_init_array
 .text.memset   0x0000000008005670       0x10 c:/st/stm32cubeide_1.0.2/stm32cubeide/plugins/com.st.stm32cube.ide.mcu.externaltools.gnu-tools-for-stm32.7-2018-q2-update.win32_1.0.0.201904181610/tools/bin/../lib/gcc/arm-none-eabi/7.3.1/../../../../arm-none-eabi/lib/thumb/v7-m\libc_nano.a(lib_a-memset.o)
                0x0000000008005670                memset
 *(.glue_7)
 .glue_7        0x0000000008005680        0x0 linker stubs
 *(.glue_7t)
 .glue_7t       0x0000000008005680        0x0 linker stubs
 *(.eh_frame)
 .eh_frame      0x0000000008005680        0x0 c:/st/stm32cubeide_1.0.2/stm32cubeide/plugins/com.st.stm32cube.ide.mcu.externaltools.gnu-tools-for-stm32.7-2018-q2-update.win32_1.0.0.201904181610/tools/bin/../lib/gcc/arm-none-eabi/7.3.1/thumb/v7-m/crtbegin.o
 *(.init)
 .init          0x0000000008005680        0x4 c:/st/stm32cubeide_1.0.2/stm32cubeide/plugins/com.st.stm32cube.ide.mcu.externaltools.gnu-tools-for-stm32.7-2018-q2-update.win32_1.0.0.201904181610/tools/bin/../lib/gcc/arm-none-eabi/7.3.1/thumb/v7-m/crti.o
                0x0000000008005680                _init
 .init          0x0000000008005684        0x8 c:/st/stm32cubeide_1.0.2/stm32cubeide/plugins/com.st.stm32cube.ide.mcu.externaltools.gnu-tools-for-stm32.7-2018-q2-update.win32_1.0.0.201904181610/tools/bin/../lib/gcc/arm-none-eabi/7.3.1/thumb/v7-m/crtn.o
 *(.fini)
 .fini          0x000000000800568c        0x4 c:/st/stm32cubeide_1.0.2/stm32cubeide/plugins/com.st.stm32cube.ide.mcu.externaltools.gnu-tools-for-stm32.7-2018-q2-update.win32_1.0.0.201904181610/tools/bin/../lib/gcc/arm-none-eabi/7.3.1/thumb/v7-m/crti.o
                0x000000000800568c                _fini
 .fini          0x0000000008005690        0x8 c:/st/stm32cubeide_1.0.2/stm32cubeide/plugins/com.st.stm32cube.ide.mcu.externaltools.gnu-tools-for-stm32.7-2018-q2-update.win32_1.0.0.201904181610/tools/bin/../lib/gcc/arm-none-eabi/7.3.1/thumb/v7-m/crtn.o
                0x0000000008005698                . = ALIGN (0x4)
                0x0000000008005698                _etext = .

.vfp11_veneer   0x0000000008005698        0x0
 .vfp11_veneer  0x0000000008005698        0x0 linker stubs

.v4_bx          0x0000000008005698        0x0
 .v4_bx         0x0000000008005698        0x0 linker stubs

.iplt           0x0000000008005698        0x0
 .iplt          0x0000000008005698        0x0 c:/st/stm32cubeide_1.0.2/stm32cubeide/plugins/com.st.stm32cube.ide.mcu.externaltools.gnu-tools-for-stm32.7-2018-q2-update.win32_1.0.0.201904181610/tools/bin/../lib/gcc/arm-none-eabi/7.3.1/thumb/v7-m/crtbegin.o

.rodata         0x0000000008005698       0x6c
                0x0000000008005698                . = ALIGN (0x4)
 *(.rodata)
 .rodata        0x0000000008005698       0x12 Drivers/STM32F1xx_HAL_Driver/Src/stm32f1xx_hal_rcc.o
 *fill*         0x00000000080056aa        0x2 
 .rodata        0x00000000080056ac       0x46 Src/usbd_desc.o
 *(.rodata*)
 *fill*         0x00000000080056f2        0x2 
 .rodata.AHBPrescTable
                0x00000000080056f4       0x10 Src/system_stm32f1xx.o
                0x00000000080056f4                AHBPrescTable
                0x0000000008005704                . = ALIGN (0x4)

.rel.dyn        0x0000000008005704        0x0
 .rel.iplt      0x0000000008005704        0x0 c:/st/stm32cubeide_1.0.2/stm32cubeide/plugins/com.st.stm32cube.ide.mcu.externaltools.gnu-tools-for-stm32.7-2018-q2-update.win32_1.0.0.201904181610/tools/bin/../lib/gcc/arm-none-eabi/7.3.1/thumb/v7-m/crtbegin.o

.ARM.extab      0x0000000008005704        0x0
                0x0000000008005704                . = ALIGN (0x4)
 *(.ARM.extab* .gnu.linkonce.armextab.*)
                0x0000000008005704                . = ALIGN (0x4)

.ARM            0x0000000008005704        0x0
                0x0000000008005704                . = ALIGN (0x4)
                0x0000000008005704                __exidx_start = .
 *(.ARM.exidx*)
                0x0000000008005704                __exidx_end = .
                0x0000000008005704                . = ALIGN (0x4)

.preinit_array  0x0000000008005704        0x0
                0x0000000008005704                . = ALIGN (0x4)
                0x0000000008005704                PROVIDE (__preinit_array_start = .)
 *(.preinit_array*)
                0x0000000008005704                PROVIDE (__preinit_array_end = .)
                0x0000000008005704                . = ALIGN (0x4)

.init_array     0x0000000008005704        0x4
                0x0000000008005704                . = ALIGN (0x4)
                0x0000000008005704                PROVIDE (__init_array_start = .)
 *(SORT_BY_NAME(.init_array.*))
 *(.init_array*)
 .init_array    0x0000000008005704        0x4 c:/st/stm32cubeide_1.0.2/stm32cubeide/plugins/com.st.stm32cube.ide.mcu.externaltools.gnu-tools-for-stm32.7-2018-q2-update.win32_1.0.0.201904181610/tools/bin/../lib/gcc/arm-none-eabi/7.3.1/thumb/v7-m/crtbegin.o
                0x0000000008005708                PROVIDE (__init_array_end = .)
                0x0000000008005708                . = ALIGN (0x4)

.fini_array     0x0000000008005708        0x4
                0x0000000008005708                . = ALIGN (0x4)
                [!provide]                        PROVIDE (__fini_array_start = .)
 *(SORT_BY_NAME(.fini_array.*))
 *(.fini_array*)
 .fini_array    0x0000000008005708        0x4 c:/st/stm32cubeide_1.0.2/stm32cubeide/plugins/com.st.stm32cube.ide.mcu.externaltools.gnu-tools-for-stm32.7-2018-q2-update.win32_1.0.0.201904181610/tools/bin/../lib/gcc/arm-none-eabi/7.3.1/thumb/v7-m/crtbegin.o
                [!provide]                        PROVIDE (__fini_array_end = .)
                0x000000000800570c                . = ALIGN (0x4)
                0x000000000800570c                _sidata = LOADADDR (.data)

.data           0x0000000020000000      0x148 load address 0x000000000800570c
                0x0000000020000000                . = ALIGN (0x4)
                0x0000000020000000                _sdata = .
 *(.data)
 *(.data*)
 .data.uwTickPrio
                0x0000000020000000        0x4 Drivers/STM32F1xx_HAL_Driver/Src/stm32f1xx_hal.o
                0x0000000020000000                uwTickPrio
 .data.uwTickFreq
                0x0000000020000004        0x1 Drivers/STM32F1xx_HAL_Driver/Src/stm32f1xx_hal.o
                0x0000000020000004                uwTickFreq
 *fill*         0x0000000020000005        0x3 
 .data.USBD_HID
                0x0000000020000008       0x38 Middlewares/ST/STM32_USB_Device_Library/Class/HID/Src/usbd_hid.o
                0x0000000020000008                USBD_HID
 .data.USBD_HID_CfgFSDesc
                0x0000000020000040       0x22 Middlewares/ST/STM32_USB_Device_Library/Class/HID/Src/usbd_hid.o
 *fill*         0x0000000020000062        0x2 
 .data.USBD_HID_CfgHSDesc
                0x0000000020000064       0x22 Middlewares/ST/STM32_USB_Device_Library/Class/HID/Src/usbd_hid.o
 *fill*         0x0000000020000086        0x2 
 .data.USBD_HID_OtherSpeedCfgDesc
                0x0000000020000088       0x22 Middlewares/ST/STM32_USB_Device_Library/Class/HID/Src/usbd_hid.o
 *fill*         0x00000000200000aa        0x2 
 .data.USBD_HID_Desc
                0x00000000200000ac        0x9 Middlewares/ST/STM32_USB_Device_Library/Class/HID/Src/usbd_hid.o
 *fill*         0x00000000200000b5        0x3 
 .data.USBD_HID_DeviceQualifierDesc
                0x00000000200000b8        0xa Middlewares/ST/STM32_USB_Device_Library/Class/HID/Src/usbd_hid.o
 *fill*         0x00000000200000c2        0x2 
 .data.HID_MOUSE_ReportDesc
                0x00000000200000c4       0x2d Middlewares/ST/STM32_USB_Device_Library/Class/HID/Src/usbd_hid.o
 *fill*         0x00000000200000f1        0x3 
 .data.SystemCoreClock
                0x00000000200000f4        0x4 Src/system_stm32f1xx.o
                0x00000000200000f4                SystemCoreClock
 .data.FS_Desc  0x00000000200000f8       0x1c Src/usbd_desc.o
                0x00000000200000f8                FS_Desc
 .data.USBD_FS_DeviceDesc
                0x0000000020000114       0x12 Src/usbd_desc.o
                0x0000000020000114                USBD_FS_DeviceDesc
 *fill*         0x0000000020000126        0x2 
 .data.USBD_LangIDDesc
                0x0000000020000128        0x4 Src/usbd_desc.o
                0x0000000020000128                USBD_LangIDDesc
 .data.USBD_StringSerial
                0x000000002000012c       0x1a Src/usbd_desc.o
                0x000000002000012c                USBD_StringSerial
                0x0000000020000148                . = ALIGN (0x4)
 *fill*         0x0000000020000146        0x2 
                0x0000000020000148                _edata = .

.igot.plt       0x0000000020000148        0x0 load address 0x0000000008005854
 .igot.plt      0x0000000020000148        0x0 c:/st/stm32cubeide_1.0.2/stm32cubeide/plugins/com.st.stm32cube.ide.mcu.externaltools.gnu-tools-for-stm32.7-2018-q2-update.win32_1.0.0.201904181610/tools/bin/../lib/gcc/arm-none-eabi/7.3.1/thumb/v7-m/crtbegin.o
                0x0000000020000148                . = ALIGN (0x4)

.bss            0x0000000020000148      0x7a8 load address 0x0000000008005854
                0x0000000020000148                _sbss = .
                0x0000000020000148                __bss_start__ = _sbss
 *(.bss)
 .bss           0x0000000020000148       0x1c c:/st/stm32cubeide_1.0.2/stm32cubeide/plugins/com.st.stm32cube.ide.mcu.externaltools.gnu-tools-for-stm32.7-2018-q2-update.win32_1.0.0.201904181610/tools/bin/../lib/gcc/arm-none-eabi/7.3.1/thumb/v7-m/crtbegin.o
 *(.bss*)
 .bss.cfgidx.8236
                0x0000000020000164        0x1 Middlewares/ST/STM32_USB_Device_Library/Core/Src/usbd_ctlreq.o
 *fill*         0x0000000020000165        0x3 
 .bss.mem.8273  0x0000000020000168       0x14 Src/usbd_conf.o
 *(COMMON)
 COMMON         0x000000002000017c        0x4 Drivers/STM32F1xx_HAL_Driver/Src/stm32f1xx_hal.o
                0x000000002000017c                uwTick
 COMMON         0x0000000020000180       0x40 Src/main.o
                0x0000000020000180                htim1
 COMMON         0x00000000200001c0      0x2c4 Src/usb_device.o
                0x00000000200001c0                hUsbDeviceFS
 COMMON         0x0000000020000484      0x26c Src/usbd_conf.o
                0x0000000020000484                hpcd_USB_FS
 COMMON         0x00000000200006f0      0x200 Src/usbd_desc.o
                0x00000000200006f0                USBD_StrDesc
                0x00000000200008f0                . = ALIGN (0x4)
                0x00000000200008f0                _ebss = .
                0x00000000200008f0                __bss_end__ = _ebss

._user_heap_stack
                0x00000000200008f0      0x600 load address 0x0000000008005854
                0x00000000200008f0                . = ALIGN (0x8)
                0x00000000200008f0                PROVIDE (end = .)
                [!provide]                        PROVIDE (_end = .)
                0x0000000020000af0                . = (. + _Min_Heap_Size)
 *fill*         0x00000000200008f0      0x200 
                0x0000000020000ef0                . = (. + _Min_Stack_Size)
 *fill*         0x0000000020000af0      0x400 
                0x0000000020000ef0                . = ALIGN (0x8)

/DISCARD/
 libc.a(*)
 libm.a(*)
 libgcc.a(*)

.ARM.attributes
                0x0000000000000000       0x29
 *(.ARM.attributes)
 .ARM.attributes
                0x0000000000000000       0x1d c:/st/stm32cubeide_1.0.2/stm32cubeide/plugins/com.st.stm32cube.ide.mcu.externaltools.gnu-tools-for-stm32.7-2018-q2-update.win32_1.0.0.201904181610/tools/bin/../lib/gcc/arm-none-eabi/7.3.1/thumb/v7-m/crti.o
 .ARM.attributes
                0x000000000000001d       0x2d c:/st/stm32cubeide_1.0.2/stm32cubeide/plugins/com.st.stm32cube.ide.mcu.externaltools.gnu-tools-for-stm32.7-2018-q2-update.win32_1.0.0.201904181610/tools/bin/../lib/gcc/arm-none-eabi/7.3.1/thumb/v7-m/crtbegin.o
 .ARM.attributes
                0x000000000000004a       0x33 Drivers/STM32F1xx_HAL_Driver/Src/stm32f1xx_hal.o
 .ARM.attributes
                0x000000000000007d       0x33 Drivers/STM32F1xx_HAL_Driver/Src/stm32f1xx_hal_cortex.o
 .ARM.attributes
                0x00000000000000b0       0x33 Drivers/STM32F1xx_HAL_Driver/Src/stm32f1xx_hal_pcd.o
 .ARM.attributes
                0x00000000000000e3       0x33 Drivers/STM32F1xx_HAL_Driver/Src/stm32f1xx_hal_pcd_ex.o
 .ARM.attributes
                0x0000000000000116       0x33 Drivers/STM32F1xx_HAL_Driver/Src/stm32f1xx_hal_rcc.o
 .ARM.attributes
                0x0000000000000149       0x33 Drivers/STM32F1xx_HAL_Driver/Src/stm32f1xx_hal_rcc_ex.o
 .ARM.attributes
                0x000000000000017c       0x33 Drivers/STM32F1xx_HAL_Driver/Src/stm32f1xx_hal_tim.o
 .ARM.attributes
                0x00000000000001af       0x33 Drivers/STM32F1xx_HAL_Driver/Src/stm32f1xx_hal_tim_ex.o
 .ARM.attributes
                0x00000000000001e2       0x33 Drivers/STM32F1xx_HAL_Driver/Src/stm32f1xx_ll_usb.o
 .ARM.attributes
                0x0000000000000215       0x33 Middlewares/ST/STM32_USB_Device_Library/Class/HID/Src/usbd_hid.o
 .ARM.attributes
                0x0000000000000248       0x33 Middlewares/ST/STM32_USB_Device_Library/Core/Src/usbd_core.o
 .ARM.attributes
                0x000000000000027b       0x33 Middlewares/ST/STM32_USB_Device_Library/Core/Src/usbd_ctlreq.o
 .ARM.attributes
                0x00000000000002ae       0x33 Middlewares/ST/STM32_USB_Device_Library/Core/Src/usbd_ioreq.o
 .ARM.attributes
                0x00000000000002e1       0x33 Src/main.o
 .ARM.attributes
                0x0000000000000314       0x33 Src/stm32f1xx_hal_msp.o
 .ARM.attributes
                0x0000000000000347       0x33 Src/stm32f1xx_it.o
 .ARM.attributes
                0x000000000000037a       0x33 Src/system_stm32f1xx.o
 .ARM.attributes
                0x00000000000003ad       0x33 Src/usb_device.o
 .ARM.attributes
                0x00000000000003e0       0x33 Src/usbd_conf.o
 .ARM.attributes
                0x0000000000000413       0x33 Src/usbd_desc.o
 .ARM.attributes
                0x0000000000000446       0x21 Startup/startup_stm32f103rctx.o
 .ARM.attributes
                0x0000000000000467       0x2d c:/st/stm32cubeide_1.0.2/stm32cubeide/plugins/com.st.stm32cube.ide.mcu.externaltools.gnu-tools-for-stm32.7-2018-q2-update.win32_1.0.0.201904181610/tools/bin/../lib/gcc/arm-none-eabi/7.3.1/../../../../arm-none-eabi/lib/thumb/v7-m\libc_nano.a(lib_a-init.o)
 .ARM.attributes
                0x0000000000000494       0x2d c:/st/stm32cubeide_1.0.2/stm32cubeide/plugins/com.st.stm32cube.ide.mcu.externaltools.gnu-tools-for-stm32.7-2018-q2-update.win32_1.0.0.201904181610/tools/bin/../lib/gcc/arm-none-eabi/7.3.1/../../../../arm-none-eabi/lib/thumb/v7-m\libc_nano.a(lib_a-memset.o)
 .ARM.attributes
                0x00000000000004c1       0x1d c:/st/stm32cubeide_1.0.2/stm32cubeide/plugins/com.st.stm32cube.ide.mcu.externaltools.gnu-tools-for-stm32.7-2018-q2-update.win32_1.0.0.201904181610/tools/bin/../lib/gcc/arm-none-eabi/7.3.1/thumb/v7-m/crtn.o
OUTPUT(odkbfw.elf elf32-littlearm)

.debug_info     0x0000000000000000    0x12445
 .debug_info    0x0000000000000000      0x764 Drivers/STM32F1xx_HAL_Driver/Src/stm32f1xx_hal.o
 .debug_info    0x0000000000000764      0xbac Drivers/STM32F1xx_HAL_Driver/Src/stm32f1xx_hal_cortex.o
 .debug_info    0x0000000000001310      0xe38 Drivers/STM32F1xx_HAL_Driver/Src/stm32f1xx_hal_pcd.o
 .debug_info    0x0000000000002148      0x760 Drivers/STM32F1xx_HAL_Driver/Src/stm32f1xx_hal_pcd_ex.o
 .debug_info    0x00000000000028a8      0x804 Drivers/STM32F1xx_HAL_Driver/Src/stm32f1xx_hal_rcc.o
 .debug_info    0x00000000000030ac      0x453 Drivers/STM32F1xx_HAL_Driver/Src/stm32f1xx_hal_rcc_ex.o
 .debug_info    0x00000000000034ff     0x2456 Drivers/STM32F1xx_HAL_Driver/Src/stm32f1xx_hal_tim.o
 .debug_info    0x0000000000005955     0x1104 Drivers/STM32F1xx_HAL_Driver/Src/stm32f1xx_hal_tim_ex.o
 .debug_info    0x0000000000006a59     0x14f9 Drivers/STM32F1xx_HAL_Driver/Src/stm32f1xx_ll_usb.o
 .debug_info    0x0000000000007f52     0x112a Middlewares/ST/STM32_USB_Device_Library/Class/HID/Src/usbd_hid.o
 .debug_info    0x000000000000907c     0x11c2 Middlewares/ST/STM32_USB_Device_Library/Core/Src/usbd_core.o
 .debug_info    0x000000000000a23e     0x1132 Middlewares/ST/STM32_USB_Device_Library/Core/Src/usbd_ctlreq.o
 .debug_info    0x000000000000b370      0xf23 Middlewares/ST/STM32_USB_Device_Library/Core/Src/usbd_ioreq.o
 .debug_info    0x000000000000c293     0x1684 Src/main.o
 .debug_info    0x000000000000d917      0x7ae Src/stm32f1xx_hal_msp.o
 .debug_info    0x000000000000e0c5      0x681 Src/stm32f1xx_it.o
 .debug_info    0x000000000000e746      0x433 Src/system_stm32f1xx.o
 .debug_info    0x000000000000eb79      0xdb8 Src/usb_device.o
 .debug_info    0x000000000000f931     0x1deb Src/usbd_conf.o
 .debug_info    0x000000000001171c      0xd07 Src/usbd_desc.o
 .debug_info    0x0000000000012423       0x22 Startup/startup_stm32f103rctx.o

.debug_abbrev   0x0000000000000000     0x29b4
 .debug_abbrev  0x0000000000000000      0x1d8 Drivers/STM32F1xx_HAL_Driver/Src/stm32f1xx_hal.o
 .debug_abbrev  0x00000000000001d8      0x2d5 Drivers/STM32F1xx_HAL_Driver/Src/stm32f1xx_hal_cortex.o
 .debug_abbrev  0x00000000000004ad      0x263 Drivers/STM32F1xx_HAL_Driver/Src/stm32f1xx_hal_pcd.o
 .debug_abbrev  0x0000000000000710      0x188 Drivers/STM32F1xx_HAL_Driver/Src/stm32f1xx_hal_pcd_ex.o
 .debug_abbrev  0x0000000000000898      0x243 Drivers/STM32F1xx_HAL_Driver/Src/stm32f1xx_hal_rcc.o
 .debug_abbrev  0x0000000000000adb      0x175 Drivers/STM32F1xx_HAL_Driver/Src/stm32f1xx_hal_rcc_ex.o
 .debug_abbrev  0x0000000000000c50      0x230 Drivers/STM32F1xx_HAL_Driver/Src/stm32f1xx_hal_tim.o
 .debug_abbrev  0x0000000000000e80      0x21e Drivers/STM32F1xx_HAL_Driver/Src/stm32f1xx_hal_tim_ex.o
 .debug_abbrev  0x000000000000109e      0x1c5 Drivers/STM32F1xx_HAL_Driver/Src/stm32f1xx_ll_usb.o
 .debug_abbrev  0x0000000000001263      0x27d Middlewares/ST/STM32_USB_Device_Library/Class/HID/Src/usbd_hid.o
 .debug_abbrev  0x00000000000014e0      0x270 Middlewares/ST/STM32_USB_Device_Library/Core/Src/usbd_core.o
 .debug_abbrev  0x0000000000001750      0x2a0 Middlewares/ST/STM32_USB_Device_Library/Core/Src/usbd_ctlreq.o
 .debug_abbrev  0x00000000000019f0      0x1e0 Middlewares/ST/STM32_USB_Device_Library/Core/Src/usbd_ioreq.o
 .debug_abbrev  0x0000000000001bd0      0x29b Src/main.o
 .debug_abbrev  0x0000000000001e6b      0x18e Src/stm32f1xx_hal_msp.o
 .debug_abbrev  0x0000000000001ff9      0x155 Src/stm32f1xx_it.o
 .debug_abbrev  0x000000000000214e      0x134 Src/system_stm32f1xx.o
 .debug_abbrev  0x0000000000002282      0x1b5 Src/usb_device.o
 .debug_abbrev  0x0000000000002437      0x2db Src/usbd_conf.o
 .debug_abbrev  0x0000000000002712      0x290 Src/usbd_desc.o
 .debug_abbrev  0x00000000000029a2       0x12 Startup/startup_stm32f103rctx.o

.debug_aranges  0x0000000000000000      0xeb0
 .debug_aranges
                0x0000000000000000       0xe0 Drivers/STM32F1xx_HAL_Driver/Src/stm32f1xx_hal.o
 .debug_aranges
                0x00000000000000e0      0x100 Drivers/STM32F1xx_HAL_Driver/Src/stm32f1xx_hal_cortex.o
 .debug_aranges
                0x00000000000001e0      0x120 Drivers/STM32F1xx_HAL_Driver/Src/stm32f1xx_hal_pcd.o
 .debug_aranges
                0x0000000000000300       0x38 Drivers/STM32F1xx_HAL_Driver/Src/stm32f1xx_hal_pcd_ex.o
 .debug_aranges
                0x0000000000000338       0x90 Drivers/STM32F1xx_HAL_Driver/Src/stm32f1xx_hal_rcc.o
 .debug_aranges
                0x00000000000003c8       0x30 Drivers/STM32F1xx_HAL_Driver/Src/stm32f1xx_hal_rcc_ex.o
 .debug_aranges
                0x00000000000003f8      0x3a8 Drivers/STM32F1xx_HAL_Driver/Src/stm32f1xx_hal_tim.o
 .debug_aranges
                0x00000000000007a0      0x150 Drivers/STM32F1xx_HAL_Driver/Src/stm32f1xx_hal_tim_ex.o
 .debug_aranges
                0x00000000000008f0      0x108 Drivers/STM32F1xx_HAL_Driver/Src/stm32f1xx_ll_usb.o
 .debug_aranges
                0x00000000000009f8       0x68 Middlewares/ST/STM32_USB_Device_Library/Class/HID/Src/usbd_hid.o
 .debug_aranges
                0x0000000000000a60       0xb8 Middlewares/ST/STM32_USB_Device_Library/Core/Src/usbd_core.o
 .debug_aranges
                0x0000000000000b18       0x88 Middlewares/ST/STM32_USB_Device_Library/Core/Src/usbd_ctlreq.o
 .debug_aranges
                0x0000000000000ba0       0x50 Middlewares/ST/STM32_USB_Device_Library/Core/Src/usbd_ioreq.o
 .debug_aranges
                0x0000000000000bf0       0x40 Src/main.o
 .debug_aranges
                0x0000000000000c30       0x30 Src/stm32f1xx_hal_msp.o
 .debug_aranges
                0x0000000000000c60       0x68 Src/stm32f1xx_it.o
 .debug_aranges
                0x0000000000000cc8       0x28 Src/system_stm32f1xx.o
 .debug_aranges
                0x0000000000000cf0       0x20 Src/usb_device.o
 .debug_aranges
                0x0000000000000d10      0x118 Src/usbd_conf.o
 .debug_aranges
                0x0000000000000e28       0x60 Src/usbd_desc.o
 .debug_aranges
                0x0000000000000e88       0x28 Startup/startup_stm32f103rctx.o

.debug_ranges   0x0000000000000000      0xd68
 .debug_ranges  0x0000000000000000       0xd0 Drivers/STM32F1xx_HAL_Driver/Src/stm32f1xx_hal.o
 .debug_ranges  0x00000000000000d0       0xf0 Drivers/STM32F1xx_HAL_Driver/Src/stm32f1xx_hal_cortex.o
 .debug_ranges  0x00000000000001c0      0x110 Drivers/STM32F1xx_HAL_Driver/Src/stm32f1xx_hal_pcd.o
 .debug_ranges  0x00000000000002d0       0x28 Drivers/STM32F1xx_HAL_Driver/Src/stm32f1xx_hal_pcd_ex.o
 .debug_ranges  0x00000000000002f8       0x80 Drivers/STM32F1xx_HAL_Driver/Src/stm32f1xx_hal_rcc.o
 .debug_ranges  0x0000000000000378       0x20 Drivers/STM32F1xx_HAL_Driver/Src/stm32f1xx_hal_rcc_ex.o
 .debug_ranges  0x0000000000000398      0x398 Drivers/STM32F1xx_HAL_Driver/Src/stm32f1xx_hal_tim.o
 .debug_ranges  0x0000000000000730      0x140 Drivers/STM32F1xx_HAL_Driver/Src/stm32f1xx_hal_tim_ex.o
 .debug_ranges  0x0000000000000870       0xf8 Drivers/STM32F1xx_HAL_Driver/Src/stm32f1xx_ll_usb.o
 .debug_ranges  0x0000000000000968       0x58 Middlewares/ST/STM32_USB_Device_Library/Class/HID/Src/usbd_hid.o
 .debug_ranges  0x00000000000009c0       0xa8 Middlewares/ST/STM32_USB_Device_Library/Core/Src/usbd_core.o
 .debug_ranges  0x0000000000000a68       0x78 Middlewares/ST/STM32_USB_Device_Library/Core/Src/usbd_ctlreq.o
 .debug_ranges  0x0000000000000ae0       0x40 Middlewares/ST/STM32_USB_Device_Library/Core/Src/usbd_ioreq.o
 .debug_ranges  0x0000000000000b20       0x30 Src/main.o
 .debug_ranges  0x0000000000000b50       0x20 Src/stm32f1xx_hal_msp.o
 .debug_ranges  0x0000000000000b70       0x58 Src/stm32f1xx_it.o
 .debug_ranges  0x0000000000000bc8       0x18 Src/system_stm32f1xx.o
 .debug_ranges  0x0000000000000be0       0x10 Src/usb_device.o
 .debug_ranges  0x0000000000000bf0      0x108 Src/usbd_conf.o
 .debug_ranges  0x0000000000000cf8       0x50 Src/usbd_desc.o
 .debug_ranges  0x0000000000000d48       0x20 Startup/startup_stm32f103rctx.o

.debug_macro    0x0000000000000000    0x18ba2
 .debug_macro   0x0000000000000000      0x1d8 Drivers/STM32F1xx_HAL_Driver/Src/stm32f1xx_hal.o
 .debug_macro   0x00000000000001d8      0xa5a Drivers/STM32F1xx_HAL_Driver/Src/stm32f1xx_hal.o
 .debug_macro   0x0000000000000c32      0x21b Drivers/STM32F1xx_HAL_Driver/Src/stm32f1xx_hal.o
 .debug_macro   0x0000000000000e4d       0x2e Drivers/STM32F1xx_HAL_Driver/Src/stm32f1xx_hal.o
 .debug_macro   0x0000000000000e7b       0x22 Drivers/STM32F1xx_HAL_Driver/Src/stm32f1xx_hal.o
 .debug_macro   0x0000000000000e9d       0x22 Drivers/STM32F1xx_HAL_Driver/Src/stm32f1xx_hal.o
 .debug_macro   0x0000000000000ebf       0x8e Drivers/STM32F1xx_HAL_Driver/Src/stm32f1xx_hal.o
 .debug_macro   0x0000000000000f4d       0x51 Drivers/STM32F1xx_HAL_Driver/Src/stm32f1xx_hal.o
 .debug_macro   0x0000000000000f9e       0xef Drivers/STM32F1xx_HAL_Driver/Src/stm32f1xx_hal.o
 .debug_macro   0x000000000000108d       0x6a Drivers/STM32F1xx_HAL_Driver/Src/stm32f1xx_hal.o
 .debug_macro   0x00000000000010f7      0x1df Drivers/STM32F1xx_HAL_Driver/Src/stm32f1xx_hal.o
 .debug_macro   0x00000000000012d6       0x1c Drivers/STM32F1xx_HAL_Driver/Src/stm32f1xx_hal.o
 .debug_macro   0x00000000000012f2       0x22 Drivers/STM32F1xx_HAL_Driver/Src/stm32f1xx_hal.o
 .debug_macro   0x0000000000001314       0xc3 Drivers/STM32F1xx_HAL_Driver/Src/stm32f1xx_hal.o
 .debug_macro   0x00000000000013d7      0xd23 Drivers/STM32F1xx_HAL_Driver/Src/stm32f1xx_hal.o
 .debug_macro   0x00000000000020fa     0xfd8c Drivers/STM32F1xx_HAL_Driver/Src/stm32f1xx_hal.o
 .debug_macro   0x0000000000011e86       0x43 Drivers/STM32F1xx_HAL_Driver/Src/stm32f1xx_hal.o
 .debug_macro   0x0000000000011ec9      0x174 Drivers/STM32F1xx_HAL_Driver/Src/stm32f1xx_hal.o
 .debug_macro   0x000000000001203d       0x5a Drivers/STM32F1xx_HAL_Driver/Src/stm32f1xx_hal.o
 .debug_macro   0x0000000000012097      0x5be Drivers/STM32F1xx_HAL_Driver/Src/stm32f1xx_hal.o
 .debug_macro   0x0000000000012655      0x4d5 Drivers/STM32F1xx_HAL_Driver/Src/stm32f1xx_hal.o
 .debug_macro   0x0000000000012b2a      0x1cb Drivers/STM32F1xx_HAL_Driver/Src/stm32f1xx_hal.o
 .debug_macro   0x0000000000012cf5      0x114 Drivers/STM32F1xx_HAL_Driver/Src/stm32f1xx_hal.o
 .debug_macro   0x0000000000012e09      0x1ea Drivers/STM32F1xx_HAL_Driver/Src/stm32f1xx_hal.o
 .debug_macro   0x0000000000012ff3       0x27 Drivers/STM32F1xx_HAL_Driver/Src/stm32f1xx_hal.o
 .debug_macro   0x000000000001301a      0x144 Drivers/STM32F1xx_HAL_Driver/Src/stm32f1xx_hal.o
 .debug_macro   0x000000000001315e      0x1bc Drivers/STM32F1xx_HAL_Driver/Src/stm32f1xx_hal.o
 .debug_macro   0x000000000001331a       0x30 Drivers/STM32F1xx_HAL_Driver/Src/stm32f1xx_hal.o
 .debug_macro   0x000000000001334a       0x3c Drivers/STM32F1xx_HAL_Driver/Src/stm32f1xx_hal.o
 .debug_macro   0x0000000000013386       0x57 Drivers/STM32F1xx_HAL_Driver/Src/stm32f1xx_hal.o
 .debug_macro   0x00000000000133dd       0x88 Drivers/STM32F1xx_HAL_Driver/Src/stm32f1xx_hal.o
 .debug_macro   0x0000000000013465      0x24f Drivers/STM32F1xx_HAL_Driver/Src/stm32f1xx_hal.o
 .debug_macro   0x00000000000136b4      0x141 Drivers/STM32F1xx_HAL_Driver/Src/stm32f1xx_hal.o
 .debug_macro   0x00000000000137f5      0x88b Drivers/STM32F1xx_HAL_Driver/Src/stm32f1xx_hal.o
 .debug_macro   0x0000000000014080       0x65 Drivers/STM32F1xx_HAL_Driver/Src/stm32f1xx_hal.o
 .debug_macro   0x00000000000140e5      0x249 Drivers/STM32F1xx_HAL_Driver/Src/stm32f1xx_hal.o
 .debug_macro   0x000000000001432e       0xb5 Drivers/STM32F1xx_HAL_Driver/Src/stm32f1xx_hal.o
 .debug_macro   0x00000000000143e3      0x1b4 Drivers/STM32F1xx_HAL_Driver/Src/stm32f1xx_hal_cortex.o
 .debug_macro   0x0000000000014597      0x1c0 Drivers/STM32F1xx_HAL_Driver/Src/stm32f1xx_hal_pcd.o
 .debug_macro   0x0000000000014757      0x1b4 Drivers/STM32F1xx_HAL_Driver/Src/stm32f1xx_hal_pcd_ex.o
 .debug_macro   0x000000000001490b      0x1c6 Drivers/STM32F1xx_HAL_Driver/Src/stm32f1xx_hal_rcc.o
 .debug_macro   0x0000000000014ad1      0x1b4 Drivers/STM32F1xx_HAL_Driver/Src/stm32f1xx_hal_rcc_ex.o
 .debug_macro   0x0000000000014c85      0x1b5 Drivers/STM32F1xx_HAL_Driver/Src/stm32f1xx_hal_tim.o
 .debug_macro   0x0000000000014e3a      0x1b4 Drivers/STM32F1xx_HAL_Driver/Src/stm32f1xx_hal_tim_ex.o
 .debug_macro   0x0000000000014fee      0x1b4 Drivers/STM32F1xx_HAL_Driver/Src/stm32f1xx_ll_usb.o
 .debug_macro   0x00000000000151a2      0x3cb Middlewares/ST/STM32_USB_Device_Library/Class/HID/Src/usbd_hid.o
 .debug_macro   0x000000000001556d       0x40 Middlewares/ST/STM32_USB_Device_Library/Class/HID/Src/usbd_hid.o
 .debug_macro   0x00000000000155ad       0x18 Middlewares/ST/STM32_USB_Device_Library/Class/HID/Src/usbd_hid.o
 .debug_macro   0x00000000000155c5       0x94 Middlewares/ST/STM32_USB_Device_Library/Class/HID/Src/usbd_hid.o
 .debug_macro   0x0000000000015659       0x3c Middlewares/ST/STM32_USB_Device_Library/Class/HID/Src/usbd_hid.o
 .debug_macro   0x0000000000015695       0x34 Middlewares/ST/STM32_USB_Device_Library/Class/HID/Src/usbd_hid.o
 .debug_macro   0x00000000000156c9       0x16 Middlewares/ST/STM32_USB_Device_Library/Class/HID/Src/usbd_hid.o
 .debug_macro   0x00000000000156df       0x57 Middlewares/ST/STM32_USB_Device_Library/Class/HID/Src/usbd_hid.o
 .debug_macro   0x0000000000015736       0x97 Middlewares/ST/STM32_USB_Device_Library/Class/HID/Src/usbd_hid.o
 .debug_macro   0x00000000000157cd      0x330 Middlewares/ST/STM32_USB_Device_Library/Class/HID/Src/usbd_hid.o
 .debug_macro   0x0000000000015afd       0xfd Middlewares/ST/STM32_USB_Device_Library/Class/HID/Src/usbd_hid.o
 .debug_macro   0x0000000000015bfa       0x10 Middlewares/ST/STM32_USB_Device_Library/Class/HID/Src/usbd_hid.o
 .debug_macro   0x0000000000015c0a       0x52 Middlewares/ST/STM32_USB_Device_Library/Class/HID/Src/usbd_hid.o
 .debug_macro   0x0000000000015c5c       0x1f Middlewares/ST/STM32_USB_Device_Library/Class/HID/Src/usbd_hid.o
 .debug_macro   0x0000000000015c7b       0x43 Middlewares/ST/STM32_USB_Device_Library/Class/HID/Src/usbd_hid.o
 .debug_macro   0x0000000000015cbe       0x20 Middlewares/ST/STM32_USB_Device_Library/Class/HID/Src/usbd_hid.o
 .debug_macro   0x0000000000015cde      0x1a3 Middlewares/ST/STM32_USB_Device_Library/Class/HID/Src/usbd_hid.o
 .debug_macro   0x0000000000015e81       0x10 Middlewares/ST/STM32_USB_Device_Library/Class/HID/Src/usbd_hid.o
 .debug_macro   0x0000000000015e91       0x1c Middlewares/ST/STM32_USB_Device_Library/Class/HID/Src/usbd_hid.o
 .debug_macro   0x0000000000015ead       0x52 Middlewares/ST/STM32_USB_Device_Library/Class/HID/Src/usbd_hid.o
 .debug_macro   0x0000000000015eff       0x40 Middlewares/ST/STM32_USB_Device_Library/Class/HID/Src/usbd_hid.o
 .debug_macro   0x0000000000015f3f       0x10 Middlewares/ST/STM32_USB_Device_Library/Class/HID/Src/usbd_hid.o
 .debug_macro   0x0000000000015f4f       0x40 Middlewares/ST/STM32_USB_Device_Library/Class/HID/Src/usbd_hid.o
 .debug_macro   0x0000000000015f8f       0xd7 Middlewares/ST/STM32_USB_Device_Library/Class/HID/Src/usbd_hid.o
 .debug_macro   0x0000000000016066       0x1c Middlewares/ST/STM32_USB_Device_Library/Class/HID/Src/usbd_hid.o
 .debug_macro   0x0000000000016082       0x3d Middlewares/ST/STM32_USB_Device_Library/Class/HID/Src/usbd_hid.o
 .debug_macro   0x00000000000160bf       0x16 Middlewares/ST/STM32_USB_Device_Library/Class/HID/Src/usbd_hid.o
 .debug_macro   0x00000000000160d5      0x145 Middlewares/ST/STM32_USB_Device_Library/Class/HID/Src/usbd_hid.o
 .debug_macro   0x000000000001621a       0x16 Middlewares/ST/STM32_USB_Device_Library/Class/HID/Src/usbd_hid.o
 .debug_macro   0x0000000000016230       0x35 Middlewares/ST/STM32_USB_Device_Library/Class/HID/Src/usbd_hid.o
 .debug_macro   0x0000000000016265       0x16 Middlewares/ST/STM32_USB_Device_Library/Class/HID/Src/usbd_hid.o
 .debug_macro   0x000000000001627b       0x29 Middlewares/ST/STM32_USB_Device_Library/Class/HID/Src/usbd_hid.o
 .debug_macro   0x00000000000162a4       0x16 Middlewares/ST/STM32_USB_Device_Library/Class/HID/Src/usbd_hid.o
 .debug_macro   0x00000000000162ba       0x20 Middlewares/ST/STM32_USB_Device_Library/Class/HID/Src/usbd_hid.o
 .debug_macro   0x00000000000162da       0xbd Middlewares/ST/STM32_USB_Device_Library/Class/HID/Src/usbd_hid.o
 .debug_macro   0x0000000000016397       0x54 Middlewares/ST/STM32_USB_Device_Library/Class/HID/Src/usbd_hid.o
 .debug_macro   0x00000000000163eb       0x59 Middlewares/ST/STM32_USB_Device_Library/Class/HID/Src/usbd_hid.o
 .debug_macro   0x0000000000016444      0x1c8 Middlewares/ST/STM32_USB_Device_Library/Class/HID/Src/usbd_hid.o
 .debug_macro   0x000000000001660c       0x64 Middlewares/ST/STM32_USB_Device_Library/Class/HID/Src/usbd_hid.o
 .debug_macro   0x0000000000016670      0x3b2 Middlewares/ST/STM32_USB_Device_Library/Core/Src/usbd_core.o
 .debug_macro   0x0000000000016a22      0x1ce Middlewares/ST/STM32_USB_Device_Library/Core/Src/usbd_core.o
 .debug_macro   0x0000000000016bf0      0x3bc Middlewares/ST/STM32_USB_Device_Library/Core/Src/usbd_ctlreq.o
 .debug_macro   0x0000000000016fac      0x3b8 Middlewares/ST/STM32_USB_Device_Library/Core/Src/usbd_ioreq.o
 .debug_macro   0x0000000000017364      0x3a4 Src/main.o
 .debug_macro   0x0000000000017708       0x46 Src/main.o
 .debug_macro   0x000000000001774e      0x32a Src/main.o
 .debug_macro   0x0000000000017a78      0x1be Src/stm32f1xx_hal_msp.o
 .debug_macro   0x0000000000017c36      0x1c8 Src/stm32f1xx_it.o
 .debug_macro   0x0000000000017dfe      0x1ba Src/system_stm32f1xx.o
 .debug_macro   0x0000000000017fb8      0x3e8 Src/usb_device.o
 .debug_macro   0x00000000000183a0       0x22 Src/usb_device.o
 .debug_macro   0x00000000000183c2      0x3d5 Src/usbd_conf.o
 .debug_macro   0x0000000000018797      0x3ef Src/usbd_desc.o
 .debug_macro   0x0000000000018b86       0x1c Src/usbd_desc.o

.debug_line     0x0000000000000000     0xcbbd
 .debug_line    0x0000000000000000      0x839 Drivers/STM32F1xx_HAL_Driver/Src/stm32f1xx_hal.o
 .debug_line    0x0000000000000839      0x912 Drivers/STM32F1xx_HAL_Driver/Src/stm32f1xx_hal_cortex.o
 .debug_line    0x000000000000114b      0xb2c Drivers/STM32F1xx_HAL_Driver/Src/stm32f1xx_hal_pcd.o
 .debug_line    0x0000000000001c77      0x6ac Drivers/STM32F1xx_HAL_Driver/Src/stm32f1xx_hal_pcd_ex.o
 .debug_line    0x0000000000002323      0x8fb Drivers/STM32F1xx_HAL_Driver/Src/stm32f1xx_hal_rcc.o
 .debug_line    0x0000000000002c1e      0x71f Drivers/STM32F1xx_HAL_Driver/Src/stm32f1xx_hal_rcc_ex.o
 .debug_line    0x000000000000333d     0x18b5 Drivers/STM32F1xx_HAL_Driver/Src/stm32f1xx_hal_tim.o
 .debug_line    0x0000000000004bf2      0xc4c Drivers/STM32F1xx_HAL_Driver/Src/stm32f1xx_hal_tim_ex.o
 .debug_line    0x000000000000583e      0xb45 Drivers/STM32F1xx_HAL_Driver/Src/stm32f1xx_ll_usb.o
 .debug_line    0x0000000000006383      0xa6b Middlewares/ST/STM32_USB_Device_Library/Class/HID/Src/usbd_hid.o
 .debug_line    0x0000000000006dee      0xb3d Middlewares/ST/STM32_USB_Device_Library/Core/Src/usbd_core.o
 .debug_line    0x000000000000792b      0xbc6 Middlewares/ST/STM32_USB_Device_Library/Core/Src/usbd_ctlreq.o
 .debug_line    0x00000000000084f1      0x9a6 Middlewares/ST/STM32_USB_Device_Library/Core/Src/usbd_ioreq.o
 .debug_line    0x0000000000008e97      0x987 Src/main.o
 .debug_line    0x000000000000981e      0x682 Src/stm32f1xx_hal_msp.o
 .debug_line    0x0000000000009ea0      0x711 Src/stm32f1xx_it.o
 .debug_line    0x000000000000a5b1      0x68c Src/system_stm32f1xx.o
 .debug_line    0x000000000000ac3d      0x96a Src/usb_device.o
 .debug_line    0x000000000000b5a7      0xbc8 Src/usbd_conf.o
 .debug_line    0x000000000000c16f      0x9cf Src/usbd_desc.o
 .debug_line    0x000000000000cb3e       0x7f Startup/startup_stm32f103rctx.o

.debug_str      0x0000000000000000    0x82466
 .debug_str     0x0000000000000000    0x79e14 Drivers/STM32F1xx_HAL_Driver/Src/stm32f1xx_hal.o
                                      0x7a264 (size before relaxing)
 .debug_str     0x0000000000079e14      0x326 Drivers/STM32F1xx_HAL_Driver/Src/stm32f1xx_hal_cortex.o
                                      0x7a272 (size before relaxing)
 .debug_str     0x000000000007a13a      0x69e Drivers/STM32F1xx_HAL_Driver/Src/stm32f1xx_hal_pcd.o
                                      0x7a1a0 (size before relaxing)
 .debug_str     0x000000000007a7d8      0x18d Drivers/STM32F1xx_HAL_Driver/Src/stm32f1xx_hal_pcd_ex.o
                                      0x79f7c (size before relaxing)
 .debug_str     0x000000000007a965      0x3a7 Drivers/STM32F1xx_HAL_Driver/Src/stm32f1xx_hal_rcc.o
                                      0x79ef2 (size before relaxing)
 .debug_str     0x000000000007ad0c      0x151 Drivers/STM32F1xx_HAL_Driver/Src/stm32f1xx_hal_rcc_ex.o
                                      0x79ca5 (size before relaxing)
 .debug_str     0x000000000007ae5d     0x1128 Drivers/STM32F1xx_HAL_Driver/Src/stm32f1xx_hal_tim.o
                                      0x7acbd (size before relaxing)
 .debug_str     0x000000000007bf85      0x579 Drivers/STM32F1xx_HAL_Driver/Src/stm32f1xx_hal_tim_ex.o
                                      0x7a4bd (size before relaxing)
 .debug_str     0x000000000007c4fe      0x303 Drivers/STM32F1xx_HAL_Driver/Src/stm32f1xx_ll_usb.o
                                      0x79fe6 (size before relaxing)
 .debug_str     0x000000000007c801     0x5257 Middlewares/ST/STM32_USB_Device_Library/Class/HID/Src/usbd_hid.o
                                      0x7edf0 (size before relaxing)
 .debug_str     0x0000000000081a58      0x1a2 Middlewares/ST/STM32_USB_Device_Library/Core/Src/usbd_core.o
                                      0x7ebe2 (size before relaxing)
 .debug_str     0x0000000000081bfa      0x12f Middlewares/ST/STM32_USB_Device_Library/Core/Src/usbd_ctlreq.o
                                      0x7eb68 (size before relaxing)
 .debug_str     0x0000000000081d29       0xc9 Middlewares/ST/STM32_USB_Device_Library/Core/Src/usbd_ioreq.o
                                      0x7eaf0 (size before relaxing)
 .debug_str     0x0000000000081df2       0x91 Src/main.o
                                      0x7f167 (size before relaxing)
 .debug_str     0x0000000000081e83       0x48 Src/stm32f1xx_hal_msp.o
                                      0x79ee8 (size before relaxing)
 .debug_str     0x0000000000081ecb       0xc4 Src/stm32f1xx_it.o
                                      0x79e8d (size before relaxing)
 .debug_str     0x0000000000081f8f       0x69 Src/system_stm32f1xx.o
                                      0x79b6a (size before relaxing)
 .debug_str     0x0000000000081ff8       0xaa Src/usb_device.o
                                      0x7ec68 (size before relaxing)
 .debug_str     0x00000000000820a2      0x146 Src/usbd_conf.o
                                      0x7f67e (size before relaxing)
 .debug_str     0x00000000000821e8      0x24d Src/usbd_desc.o
                                      0x7ea50 (size before relaxing)
 .debug_str     0x0000000000082435       0x31 Startup/startup_stm32f103rctx.o
                                         0x59 (size before relaxing)

.comment        0x0000000000000000       0x7b
 .comment       0x0000000000000000       0x7b Drivers/STM32F1xx_HAL_Driver/Src/stm32f1xx_hal.o
                                         0x7c (size before relaxing)
 .comment       0x000000000000007b       0x7c Drivers/STM32F1xx_HAL_Driver/Src/stm32f1xx_hal_cortex.o
 .comment       0x000000000000007b       0x7c Drivers/STM32F1xx_HAL_Driver/Src/stm32f1xx_hal_pcd.o
 .comment       0x000000000000007b       0x7c Drivers/STM32F1xx_HAL_Driver/Src/stm32f1xx_hal_pcd_ex.o
 .comment       0x000000000000007b       0x7c Drivers/STM32F1xx_HAL_Driver/Src/stm32f1xx_hal_rcc.o
 .comment       0x000000000000007b       0x7c Drivers/STM32F1xx_HAL_Driver/Src/stm32f1xx_hal_rcc_ex.o
 .comment       0x000000000000007b       0x7c Drivers/STM32F1xx_HAL_Driver/Src/stm32f1xx_hal_tim.o
 .comment       0x000000000000007b       0x7c Drivers/STM32F1xx_HAL_Driver/Src/stm32f1xx_hal_tim_ex.o
 .comment       0x000000000000007b       0x7c Drivers/STM32F1xx_HAL_Driver/Src/stm32f1xx_ll_usb.o
 .comment       0x000000000000007b       0x7c Middlewares/ST/STM32_USB_Device_Library/Class/HID/Src/usbd_hid.o
 .comment       0x000000000000007b       0x7c Middlewares/ST/STM32_USB_Device_Library/Core/Src/usbd_core.o
 .comment       0x000000000000007b       0x7c Middlewares/ST/STM32_USB_Device_Library/Core/Src/usbd_ctlreq.o
 .comment       0x000000000000007b       0x7c Middlewares/ST/STM32_USB_Device_Library/Core/Src/usbd_ioreq.o
 .comment       0x000000000000007b       0x7c Src/main.o
 .comment       0x000000000000007b       0x7c Src/stm32f1xx_hal_msp.o
 .comment       0x000000000000007b       0x7c Src/stm32f1xx_it.o
 .comment       0x000000000000007b       0x7c Src/system_stm32f1xx.o
 .comment       0x000000000000007b       0x7c Src/usb_device.o
 .comment       0x000000000000007b       0x7c Src/usbd_conf.o
 .comment       0x000000000000007b       0x7c Src/usbd_desc.o

.debug_frame    0x0000000000000000     0x3c2c
 .debug_frame   0x0000000000000000      0x334 Drivers/STM32F1xx_HAL_Driver/Src/stm32f1xx_hal.o
 .debug_frame   0x0000000000000334      0x428 Drivers/STM32F1xx_HAL_Driver/Src/stm32f1xx_hal_cortex.o
 .debug_frame   0x000000000000075c      0x500 Drivers/STM32F1xx_HAL_Driver/Src/stm32f1xx_hal_pcd.o
 .debug_frame   0x0000000000000c5c       0xb0 Drivers/STM32F1xx_HAL_Driver/Src/stm32f1xx_hal_pcd_ex.o
 .debug_frame   0x0000000000000d0c      0x21c Drivers/STM32F1xx_HAL_Driver/Src/stm32f1xx_hal_rcc.o
 .debug_frame   0x0000000000000f28       0x84 Drivers/STM32F1xx_HAL_Driver/Src/stm32f1xx_hal_rcc_ex.o
 .debug_frame   0x0000000000000fac     0x10f0 Drivers/STM32F1xx_HAL_Driver/Src/stm32f1xx_hal_tim.o
 .debug_frame   0x000000000000209c      0x5c0 Drivers/STM32F1xx_HAL_Driver/Src/stm32f1xx_hal_tim_ex.o
 .debug_frame   0x000000000000265c      0x4d8 Drivers/STM32F1xx_HAL_Driver/Src/stm32f1xx_ll_usb.o
 .debug_frame   0x0000000000002b34      0x190 Middlewares/ST/STM32_USB_Device_Library/Class/HID/Src/usbd_hid.o
 .debug_frame   0x0000000000002cc4      0x300 Middlewares/ST/STM32_USB_Device_Library/Core/Src/usbd_core.o
 .debug_frame   0x0000000000002fc4      0x218 Middlewares/ST/STM32_USB_Device_Library/Core/Src/usbd_ctlreq.o
 .debug_frame   0x00000000000031dc      0x10c Middlewares/ST/STM32_USB_Device_Library/Core/Src/usbd_ioreq.o
 .debug_frame   0x00000000000032e8       0xc0 Src/main.o
 .debug_frame   0x00000000000033a8       0x88 Src/stm32f1xx_hal_msp.o
 .debug_frame   0x0000000000003430      0x128 Src/stm32f1xx_it.o
 .debug_frame   0x0000000000003558       0x58 Src/system_stm32f1xx.o
 .debug_frame   0x00000000000035b0       0x2c Src/usb_device.o
 .debug_frame   0x00000000000035dc      0x4a4 Src/usbd_conf.o
 .debug_frame   0x0000000000003a80      0x160 Src/usbd_desc.o
 .debug_frame   0x0000000000003be0       0x2c c:/st/stm32cubeide_1.0.2/stm32cubeide/plugins/com.st.stm32cube.ide.mcu.externaltools.gnu-tools-for-stm32.7-2018-q2-update.win32_1.0.0.201904181610/tools/bin/../lib/gcc/arm-none-eabi/7.3.1/../../../../arm-none-eabi/lib/thumb/v7-m\libc_nano.a(lib_a-init.o)
 .debug_frame   0x0000000000003c0c       0x20 c:/st/stm32cubeide_1.0.2/stm32cubeide/plugins/com.st.stm32cube.ide.mcu.externaltools.gnu-tools-for-stm32.7-2018-q2-update.win32_1.0.0.201904181610/tools/bin/../lib/gcc/arm-none-eabi/7.3.1/../../../../arm-none-eabi/lib/thumb/v7-m\libc_nano.a(lib_a-memset.o)
